******************************************************************************
                  MSP430 Linker PC v4.0.0                      
******************************************************************************
>> Linked Mon May 07 19:15:47 2012

OUTPUT FILE NAME:   <Project.out>
ENTRY POINT SYMBOL: "_c_int00"  address: 000098d4


MEMORY CONFIGURATION

         name            origin    length      used     unused   attr    fill
----------------------  --------  ---------  --------  --------  ----  --------
  SFR                   00000000   00000010  00000000  00000010  RWIX
  PERIPHERALS_8BIT      00000010   000000f0  00000000  000000f0  RWIX
  PERIPHERALS_16BIT     00000100   00000100  00000000  00000100  RWIX
  RAM                   00000200   00000400  000001cb  00000235  RWIX
  INFOD                 00001000   00000040  00000000  00000040  RWIX
  INFOC                 00001040   00000040  00000000  00000040  RWIX
  INFOB                 00001080   00000040  00000000  00000040  RWIX
  INFOA                 000010c0   00000040  00000000  00000040  RWIX
  FLASH                 00008000   00007fde  00001e23  000061bb  RWIX
  INT00                 0000ffe0   00000002  00000000  00000002  RWIX
  INT01                 0000ffe2   00000002  00000000  00000002  RWIX
  INT02                 0000ffe4   00000002  00000000  00000002  RWIX
  INT03                 0000ffe6   00000002  00000000  00000002  RWIX
  INT04                 0000ffe8   00000002  00000000  00000002  RWIX
  INT05                 0000ffea   00000002  00000000  00000002  RWIX
  INT06                 0000ffec   00000002  00000002  00000000  RWIX
  INT07                 0000ffee   00000002  00000000  00000002  RWIX
  INT08                 0000fff0   00000002  00000000  00000002  RWIX
  INT09                 0000fff2   00000002  00000000  00000002  RWIX
  INT10                 0000fff4   00000002  00000000  00000002  RWIX
  INT11                 0000fff6   00000002  00000000  00000002  RWIX
  INT12                 0000fff8   00000002  00000000  00000002  RWIX
  INT13                 0000fffa   00000002  00000000  00000002  RWIX
  INT14                 0000fffc   00000002  00000000  00000002  RWIX
  RESET                 0000fffe   00000002  00000002  00000000  RWIX


SECTION ALLOCATION MAP

 output                                  attributes/
section   page    origin      length       input sections
--------  ----  ----------  ----------   ----------------
.pinit     0    00008000    00000000     UNINITIALIZED

.bss       0    00000200    0000017b     UNINITIALIZED
                  00000200    0000008d     I2C_Driver.obj (.bss)
                  0000028d    00000001     bsp.obj (.bss)
                  0000028e    00000068     nwk_QMgmt.obj (.bss)
                  000002f6    00000026     mrfi.obj (.bss)
                  0000031c    00000026     nwk.obj (.bss)
                  00000342    0000000a     main_LinkTo.obj (.bss)
                  0000034c    0000000a     nwk_link.obj (.bss)
                  00000356    00000009     nwk_globals.obj (.bss)
                  0000035f    00000001     nwk_api.obj (.bss)
                  00000360    00000008     nwk_frame.obj (.bss)
                  00000368    00000007     nwk_join.obj (.bss)
                  0000036f    00000001     nwk_ping.obj (.bss)
                  00000370    00000004     rts430.lib : _lock.obj (.bss)
                  00000374    00000004                : boot.obj (.bss)
                  00000378    00000003     nwk_mgmt.obj (.bss)

.stack     0    000005b0    00000050     UNINITIALIZED
                  000005b0    00000002     rts430.lib : boot.obj (.stack)
                  000005b2    0000004e     --HOLE--

.text      0    00008000    00001d0c     
                  00008000    000001c6     mrfi.obj (.text:MRFI_Init)
                  000081c6    00000158     nwk_link.obj (.text:nwk_link)
                  0000831e    0000012a     nwk_QMgmt.obj (.text:nwk_QfindOldest)
                  00008448    00000102     mrfi.obj (.text:MRFI_Transmit)
                  0000854a    000000fa     nwk_join.obj (.text:nwk_join)
                  00008644    000000de     nwk.obj (.text:nwk_allocateLocalRxPort)
                  00008722    000000d6     main_LinkTo.obj (.text:linkTo)
                  000087f8    000000b2     nwk_frame.obj (.text:nwk_retrieveFrame)
                  000088aa    000000b0     nwk_api.obj (.text:SMPL_Ioctl)
                  0000895a    000000a4     I2C_Driver.obj (.text:USCIAB0TX_ISR)
                  000089fe    0000009e     nwk_frame.obj (.text:nwk_buildFrame)
                  00008a9c    0000009a     RTCC_Driver.obj (.text:WriteRTCCTimeDate)
                  00008b36    00000088     main_LinkTo.obj (.text:init_cc)
                  00008bbe    00000086     nwk.obj (.text:nwk_nwkInit)
                  00008c44    00000082     nwk_QMgmt.obj (.text:nwk_QfindSlot)
                  00008cc6    00000080     RTCC_Driver.obj (.text:ReadRTCCTimeDate)
                  00008d46    00000080     mrfi.obj (.text:spiBurstFifoAccess)
                  00008dc6    0000007e     nwk_api.obj (.text:SMPL_SendOpt)
                  00008e44    00000078     nwk_ioctl.obj (.text:nwk_radioControl)
                  00008ebc    00000070     main_LinkTo.obj (.text:sRxCallback)
                  00008f2c    0000006e     I2C_Driver.obj (.text:ReadI2CMultipleByte)
                  00008f9a    0000006c     I2C_Driver.obj (.text:READ_I2C)
                  00009006    00000058     rts430.lib : div32u.obj (.text)
                  0000905e    00000054     mrfi.obj (.text:MRFI_WakeUp)
                  000090b2    00000054     nwk_ioctl.obj (.text:nwk_rawSend)
                  00009106    00000050     nwk.obj (.text:nwk_getNextConnection)
                  00009156    0000004c     nwk_api.obj (.text:SMPL_Receive)
                  000091a2    0000004c     rts430.lib : lsr16.obj (.text)
                  000091ee    0000004a     I2C_Driver.obj (.text:WriteI2CMultipleByte)
                  00009238    00000046     rts430.lib : autoinit.obj (.text:_auto_init)
                  0000927e    00000046     mrfi.obj (.text:mrfiSpiCmdStrobe)
                  000092c4    00000044     mrfi.obj (.text:MRFI_Rssi)
                  00009308    00000042     mrfi.obj (.text:spiRegAccess)
                  0000934a    0000003e     nwk.obj (.text:initializeConnection)
                  00009388    0000003c     mrfi.obj (.text:MRFI_ReplyDelay)
                  000093c4    0000003c     I2C_Driver.obj (.text:Setup_TX)
                  00009400    0000003c     I2C_Driver.obj (.text:WRITE_I2C)
                  0000943c    0000003c     nwk.obj (.text:nwk_putNumObjectIntoMsg)
                  00009478    00000036     I2C_Driver.obj (.text:Setup_RX)
                  000094ae    00000034     RTCC_Driver.obj (.text:InitRTCC)
                  000094e2    00000034     mrfi.obj (.text:MRFI_SetRFPwr)
                  00009516    00000034     mrfi.obj (.text:MRFI_SetRxAddrFilter)
                  0000954a    00000034     nwk_api.obj (.text:SMPL_Init)
                  0000957e    00000034     main_LinkTo.obj (.text:main)
                  000095b2    00000034     mrfi.obj (.text:mrfiSpiInit)
                  000095e6    00000034     nwk_ioctl.obj (.text:nwk_deviceAddress)
                  0000961a    00000032     I2C_Driver.obj (.text:InitI2C)
                  0000964c    00000032     mrfi.obj (.text:MRFI_SetLogicalChannel)
                  0000967e    00000032     nwk_QMgmt.obj (.text:nwk_QadjustOrder)
                  000096b0    00000032     nwk.obj (.text:nwk_getConnInfo)
                  000096e2    00000032     nwk_link.obj (.text:nwk_linkInit)
                  00009714    00000030     mrfi.obj (.text:Mrfi_DelayUsecSem)
                  00009744    00000030     nwk.obj (.text:map_lid2idx)
                  00009774    00000030     nwk_ioctl.obj (.text:nwk_rawReceive)
                  000097a4    00000030     nwk_frame.obj (.text:nwk_sendFrame)
                  000097d4    0000002e     mrfi.obj (.text:Mrfi_CalculateRssi)
                  00009802    0000002c     mrfi.obj (.text:Mrfi_RxModeOff)
                  0000982e    0000002c     rts430.lib : div16s.obj (.text)
                  0000985a    0000002a     mrfi.obj (.text:Mrfi_DelayUsec)
                  00009884    0000002a     nwk.obj (.text:nwk_checkConnInfo)
                  000098ae    00000026     mrfi.obj (.text:Mrfi_RandomBackoffDelay)
                  000098d4    00000026     rts430.lib : boot.obj (.text:_c_int00_noexit)
                  000098fa    00000026     nwk_ioctl.obj (.text:nwk_connectionControl)
                  00009920    00000026     nwk_globals.obj (.text:nwk_globalsInit)
                  00009946    00000026     nwk_join.obj (.text:nwk_joinInit)
                  0000996c    00000026     rts430.lib : mult32.obj (.text)
                  00009992    00000024     mrfi.obj (.text:MRFI_Sleep)
                  000099b6    00000024     rts430.lib : memcmp.obj (.text:memcmp)
                  000099da    00000022     mrfi.obj (.text:MRFI_RxOn)
                  000099fc    00000020     bsp.obj (.text:BSP_Init)
                  00009a1c    00000020     bsp.obj (.text:BSP_InitBoard)
                  00009a3c    00000020     mrfi.obj (.text:MRFI_EnableRxAddrFilter)
                  00009a5c    00000020     mrfi.obj (.text:MRFI_RxIdle)
                  00009a7c    00000020     rts430.lib : memmov.obj (.text:memmove)
                  00009a9c    00000020     nwk_frame.obj (.text:nwk_frameInit)
                  00009abc    0000001e     bsp.obj (.text:BSP_Delay)
                  00009ada    0000001e     nwk_QMgmt.obj (.text:nwk_QInit)
                  00009af8    0000001c     mrfi.obj (.text:mrfiSpiReadReg)
                  00009b14    0000001c     nwk_globals.obj (.text:nwk_setMyAddress)
                  00009b30    00000018     mrfi.obj (.text:MRFI_DelayMs)
                  00009b48    00000018     mrfi.obj (.text:mrfiSpiWriteReg)
                  00009b60    00000016     mrfi.obj (.text:MRFI_RandomByte)
                  00009b76    00000016     mrfi.obj (.text:Mrfi_RxModeOn)
                  00009b8c    00000016     rts430.lib : div16u.obj (.text)
                  00009ba2    00000014     RTCC_Driver.obj (.text:ReadSRAMBlock)
                  00009bb6    00000014     RTCC_Driver.obj (.text:WriteSRAMBlock)
                  00009bca    00000014     nwk_api.obj (.text:ioctlPreInitAccessIsOK)
                  00009bde    00000014     rts430.lib : memset.obj (.text:memset)
                  00009bf2    00000014                : mult16.obj (.text)
                  00009c06    00000014     main_LinkTo.obj (.text:toggleLED)
                  00009c1a    00000012     bsp.obj (.text:BSP_InitLeds)
                  00009c2c    00000012     rts430.lib : memcpy.obj (.text:memcpy)
                  00009c3e    00000012     nwk_globals.obj (.text:nwk_getMyAddress)
                  00009c50    00000012     nwk_link.obj (.text:nwk_setLinkToken)
                  00009c62    00000010     rts430.lib : asr32.obj (.text:l_asr)
                  00009c72    00000010                : epilog.obj (.text)
                  00009c82    0000000e     mrfi.obj (.text:mrfiSpiWriteTxFifo)
                  00009c90    0000000e     nwk_globals.obj (.text:nwk_setAPAddress)
                  00009c9e    0000000a     bsp.obj (.text:BSP_InitButtons)
                  00009ca8    0000000a     bsp.obj (.text:BSP_InitDrivers)
                  00009cb2    0000000a     bsp.obj (.text:_system_pre_init)
                  00009cbc    0000000a     nwk_mgmt.obj (.text:nwk_mgmtInit)
                  00009cc6    0000000a     nwk_ping.obj (.text:nwk_pingInit)
                  00009cd0    00000008     nwk_api.obj (.text:SMPL_Send)
                  00009cd8    00000006     mrfi.obj (.text:MRFI_GetRadioState)
                  00009cde    00000006     nwk_api.obj (.text:SMPL_Link)
                  00009ce4    00000006     nwk.obj (.text:nwk_freeConnection)
                  00009cea    00000006     nwk_globals.obj (.text:nwk_getBCastAddress)
                  00009cf0    00000006     nwk_globals.obj (.text:nwk_getFWVersion)
                  00009cf6    00000006     nwk_frame.obj (.text:nwk_getMyRxType)
                  00009cfc    00000006     nwk_globals.obj (.text:nwk_getProtocolVersion)
                  00009d02    00000004     rts430.lib : exit.obj (.text:abort)
                  00009d06    00000002                : _lock.obj (.text:_nop)
                  00009d08    00000002     nwk_freq.obj (.text:nwk_freqInit)
                  00009d0a    00000002     nwk_security.obj (.text:nwk_securityInit)

.cinit     0    00009d0c    000000c6     
                  00009d0c    0000002f     mrfi.obj (.cinit)
                  00009d3b    00000001     --HOLE-- [fill = 0]
                  00009d3c    0000001e     nwk_frame.obj (.cinit)
                  00009d5a    00000019     nwk_link.obj (.cinit)
                  00009d73    00000001     --HOLE-- [fill = 0]
                  00009d74    00000013     nwk_join.obj (.cinit)
                  00009d87    00000001     --HOLE-- [fill = 0]
                  00009d88    00000011     main_LinkTo.obj (.cinit)
                  00009d99    00000001     --HOLE-- [fill = 0]
                  00009d9a    0000000b     I2C_Driver.obj (.cinit)
                  00009da5    00000001     --HOLE-- [fill = 0]
                  00009da6    0000000b     nwk_mgmt.obj (.cinit)
                  00009db1    00000001     --HOLE-- [fill = 0]
                  00009db2    00000005     bsp.obj (.cinit)
                  00009db7    00000001     --HOLE-- [fill = 0]
                  00009db8    00000005     nwk.obj (.cinit)
                  00009dbd    00000001     --HOLE-- [fill = 0]
                  00009dbe    00000005     nwk_api.obj (.cinit)
                  00009dc3    00000001     --HOLE-- [fill = 0]
                  00009dc4    00000005     nwk_globals.obj (.cinit)
                  00009dc9    00000001     --HOLE-- [fill = 0]
                  00009dca    00000005     nwk_ping.obj (.cinit)
                  00009dcf    00000001     --HOLE-- [fill = 0]
                  00009dd0    00000002     (.pad.cinit) [fill = 0]

.const     0    00009dd2    00000051     
                  00009dd2    0000003c     mrfi.obj (.const:mrfiRadioCfg)
                  00009e0e    00000009     nwk_globals.obj (.const)
                  00009e17    00000001     --HOLE-- [fill = 0]
                  00009e18    00000004     mrfi.obj (.const:mrfiBroadcastAddr)
                  00009e1c    00000004     mrfi.obj (.const:mrfiLogicalChanTable)
                  00009e20    00000003     mrfi.obj (.const:mrfiRFPowerTable)

.int06     0    0000ffec    00000002     
                  0000ffec    00000002     I2C_Driver.obj (.int06)

.reset     0    0000fffe    00000002     
                  0000fffe    00000002     rts430.lib : boot.obj (.reset)


GLOBAL SYMBOLS: SORTED ALPHABETICALLY BY Name 

address    name
--------   ----
00000200   .bss
00008000   .text
0000004a   ADC10AE0
0000004b   ADC10AE1
000001b0   ADC10CTL0
000001b2   ADC10CTL1
00000048   ADC10DTC0
00000049   ADC10DTC1
000001b4   ADC10MEM
000001bc   ADC10SA
00000057   BCSCTL1
00000058   BCSCTL2
00000053   BCSCTL3
00009abc   BSP_Delay
000099fc   BSP_Init
00009a1c   BSP_InitBoard
00009c9e   BSP_InitButtons
00009ca8   BSP_InitDrivers
00009c1a   BSP_InitLeds
00009d02   C$$EXIT
000010fb   CALBC1_12MHZ
000010f9   CALBC1_16MHZ
000010ff   CALBC1_1MHZ
000010fd   CALBC1_8MHZ
000010fa   CALDCO_12MHZ
000010f8   CALDCO_16MHZ
000010fe   CALDCO_1MHZ
000010fc   CALDCO_8MHZ
00000056   DCOCTL
00000128   FCTL1
0000012a   FCTL2
0000012c   FCTL3
00000000   IE1
00000001   IE2
00000002   IFG1
00000003   IFG2
000091a2   I_LSR
000091e8   I_LSR_1
000091c4   I_LSR_10
000091c0   I_LSR_11
000091bc   I_LSR_12
000091b8   I_LSR_13
000091b4   I_LSR_14
000091b0   I_LSR_15
000091e4   I_LSR_2
000091e0   I_LSR_3
000091dc   I_LSR_4
000091d8   I_LSR_5
000091d4   I_LSR_6
000091d0   I_LSR_7
000091cc   I_LSR_8
000091c8   I_LSR_9
0000961a   InitI2C
000094ae   InitRTCC
00009c62   L_ASR
00009b30   MRFI_DelayMs
00009a3c   MRFI_EnableRxAddrFilter
00009cd8   MRFI_GetRadioState
00008000   MRFI_Init
00009b60   MRFI_RandomByte
00009388   MRFI_ReplyDelay
000092c4   MRFI_Rssi
00009a5c   MRFI_RxIdle
000099da   MRFI_RxOn
0000964c   MRFI_SetLogicalChannel
000094e2   MRFI_SetRFPwr
00009516   MRFI_SetRxAddrFilter
00009992   MRFI_Sleep
00008448   MRFI_Transmit
0000905e   MRFI_WakeUp
000000c0   OA0CTL0
000000c1   OA0CTL1
000000c2   OA1CTL0
000000c3   OA1CTL1
00000022   P1DIR
00000025   P1IE
00000024   P1IES
00000023   P1IFG
00000020   P1IN
00000021   P1OUT
00000027   P1REN
00000026   P1SEL
0000002a   P2DIR
0000002d   P2IE
0000002c   P2IES
0000002b   P2IFG
00000028   P2IN
00000029   P2OUT
0000002f   P2REN
0000002e   P2SEL
0000001a   P3DIR
00000018   P3IN
00000019   P3OUT
00000010   P3REN
0000001b   P3SEL
0000001e   P4DIR
0000001c   P4IN
0000001d   P4OUT
00000011   P4REN
0000001f   P4SEL
00000206   PRxData
00000208   PTxData
00008f9a   READ_I2C
00000202   RPT_Flag
0000028c   RX
00000200   RXByteCtr
00008f2c   ReadI2CMultipleByte
00008cc6   ReadRTCCTimeDate
00009ba2   ReadSRAMBlock
00000345   Rtcctimedate
0000028a   RxBuffer
0000954a   SMPL_Init
000088aa   SMPL_Ioctl
00009cde   SMPL_Link
00009156   SMPL_Receive
00009cd0   SMPL_Send
00008dc6   SMPL_SendOpt
00009478   Setup_RX
000093c4   Setup_TX
00000172   TACCR0
00000174   TACCR1
00000176   TACCR2
00000162   TACCTL0
00000164   TACCTL1
00000166   TACCTL2
00000160   TACTL
0000012e   TAIV
00000170   TAR
00000192   TBCCR0
00000194   TBCCR1
00000196   TBCCR2
00000182   TBCCTL0
00000184   TBCCTL1
00000186   TBCCTL2
00000180   TBCTL
0000011e   TBIV
00000190   TBR
0000028b   TXByteCtr
00000204   TXData
0000020a   TxBuffer
0000005d   UCA0ABCTL
00000062   UCA0BR0
00000063   UCA0BR1
00000060   UCA0CTL0
00000061   UCA0CTL1
0000005f   UCA0IRRCTL
0000005e   UCA0IRTCTL
00000064   UCA0MCTL
00000066   UCA0RXBUF
00000065   UCA0STAT
00000067   UCA0TXBUF
0000006a   UCB0BR0
0000006b   UCB0BR1
00000068   UCB0CTL0
00000069   UCB0CTL1
0000006c   UCB0I2CIE
00000118   UCB0I2COA
0000011a   UCB0I2CSA
0000006e   UCB0RXBUF
0000006d   UCB0STAT
0000006f   UCB0TXBUF
0000895a   USCIAB0TX_ISR
00000120   WDTCTL
00009400   WRITE_I2C
000091ee   WriteI2CMultipleByte
00008a9c   WriteRTCCTimeDate
00009bb6   WriteSRAMBlock
00000600   __STACK_END
00000050   __STACK_SIZE
00000001   __TI_args_main
00000001   __TI_auto_init
00000001   __TI_exit
ffffffff   __binit__
00000200   __bss__
ffffffff   __c_args__
00009d0c   __cinit__
0000982e   __divi
00009b8c   __divu
00009006   __divul
0000037b   __end__
00009d0c   __etext__
00009bf2   __mpyi
0000996c   __mpyl
ffffffff   __pinit__
0000982e   __remi
00009b8c   __remu
00009006   __remul
00008000   __text__
00009238   _auto_init
000098d4   _c_int00
000098d4   _c_int00_noexit
00000374   _cleanup_ptr
00000376   _dtors_ptr
00000370   _lock
00009d06   _nop
0000fffe   _reset_vector
000005b0   _stack
00009cb2   _system_pre_init
00000372   _unlock
00009d02   abort
ffffffff   binit
00009d0c   cinit
0000037b   end
00009d0c   etext
00009c7e   func_epilog_1
00009c7c   func_epilog_2
00009c7a   func_epilog_3
00009c78   func_epilog_4
00009c76   func_epilog_5
00009c74   func_epilog_6
00009c72   func_epilog_7
00008b36   init_cc
0000957e   main
000099b6   memcmp
00009c2c   memcpy
00009a7c   memmove
00009bde   memset
00009e18   mrfiBroadcastAddr
0000927e   mrfiSpiCmdStrobe
000095b2   mrfiSpiInit
00009af8   mrfiSpiReadReg
00009b48   mrfiSpiWriteReg
00009c82   mrfiSpiWriteTxFifo
00009ada   nwk_QInit
0000967e   nwk_QadjustOrder
0000831e   nwk_QfindOldest
00008c44   nwk_QfindSlot
00008644   nwk_allocateLocalRxPort
000089fe   nwk_buildFrame
00009884   nwk_checkConnInfo
000098fa   nwk_connectionControl
000095e6   nwk_deviceAddress
00009a9c   nwk_frameInit
00009ce4   nwk_freeConnection
00009d08   nwk_freqInit
00009cea   nwk_getBCastAddress
000096b0   nwk_getConnInfo
00009cf0   nwk_getFWVersion
00009c3e   nwk_getMyAddress
00009cf6   nwk_getMyRxType
00009106   nwk_getNextConnection
00009cfc   nwk_getProtocolVersion
00009920   nwk_globalsInit
0000854a   nwk_join
00009946   nwk_joinInit
000081c6   nwk_link
000096e2   nwk_linkInit
00009cbc   nwk_mgmtInit
00008bbe   nwk_nwkInit
00009cc6   nwk_pingInit
0000943c   nwk_putNumObjectIntoMsg
00008e44   nwk_radioControl
00009774   nwk_rawReceive
000090b2   nwk_rawSend
000087f8   nwk_retrieveFrame
00009d0a   nwk_securityInit
000097a4   nwk_sendFrame
00009c90   nwk_setAPAddress
00009c50   nwk_setLinkToken
00009b14   nwk_setMyAddress
ffffffff   pinit
00009c06   toggleLED


GLOBAL SYMBOLS: SORTED BY Symbol Address 

address    name
--------   ----
00000000   IE1
00000001   IE2
00000001   __TI_args_main
00000001   __TI_auto_init
00000001   __TI_exit
00000002   IFG1
00000003   IFG2
00000010   P3REN
00000011   P4REN
00000018   P3IN
00000019   P3OUT
0000001a   P3DIR
0000001b   P3SEL
0000001c   P4IN
0000001d   P4OUT
0000001e   P4DIR
0000001f   P4SEL
00000020   P1IN
00000021   P1OUT
00000022   P1DIR
00000023   P1IFG
00000024   P1IES
00000025   P1IE
00000026   P1SEL
00000027   P1REN
00000028   P2IN
00000029   P2OUT
0000002a   P2DIR
0000002b   P2IFG
0000002c   P2IES
0000002d   P2IE
0000002e   P2SEL
0000002f   P2REN
00000048   ADC10DTC0
00000049   ADC10DTC1
0000004a   ADC10AE0
0000004b   ADC10AE1
00000050   __STACK_SIZE
00000053   BCSCTL3
00000056   DCOCTL
00000057   BCSCTL1
00000058   BCSCTL2
0000005d   UCA0ABCTL
0000005e   UCA0IRTCTL
0000005f   UCA0IRRCTL
00000060   UCA0CTL0
00000061   UCA0CTL1
00000062   UCA0BR0
00000063   UCA0BR1
00000064   UCA0MCTL
00000065   UCA0STAT
00000066   UCA0RXBUF
00000067   UCA0TXBUF
00000068   UCB0CTL0
00000069   UCB0CTL1
0000006a   UCB0BR0
0000006b   UCB0BR1
0000006c   UCB0I2CIE
0000006d   UCB0STAT
0000006e   UCB0RXBUF
0000006f   UCB0TXBUF
000000c0   OA0CTL0
000000c1   OA0CTL1
000000c2   OA1CTL0
000000c3   OA1CTL1
00000118   UCB0I2COA
0000011a   UCB0I2CSA
0000011e   TBIV
00000120   WDTCTL
00000128   FCTL1
0000012a   FCTL2
0000012c   FCTL3
0000012e   TAIV
00000160   TACTL
00000162   TACCTL0
00000164   TACCTL1
00000166   TACCTL2
00000170   TAR
00000172   TACCR0
00000174   TACCR1
00000176   TACCR2
00000180   TBCTL
00000182   TBCCTL0
00000184   TBCCTL1
00000186   TBCCTL2
00000190   TBR
00000192   TBCCR0
00000194   TBCCR1
00000196   TBCCR2
000001b0   ADC10CTL0
000001b2   ADC10CTL1
000001b4   ADC10MEM
000001bc   ADC10SA
00000200   .bss
00000200   RXByteCtr
00000200   __bss__
00000202   RPT_Flag
00000204   TXData
00000206   PRxData
00000208   PTxData
0000020a   TxBuffer
0000028a   RxBuffer
0000028b   TXByteCtr
0000028c   RX
00000345   Rtcctimedate
00000370   _lock
00000372   _unlock
00000374   _cleanup_ptr
00000376   _dtors_ptr
0000037b   __end__
0000037b   end
000005b0   _stack
00000600   __STACK_END
000010f8   CALDCO_16MHZ
000010f9   CALBC1_16MHZ
000010fa   CALDCO_12MHZ
000010fb   CALBC1_12MHZ
000010fc   CALDCO_8MHZ
000010fd   CALBC1_8MHZ
000010fe   CALDCO_1MHZ
000010ff   CALBC1_1MHZ
00008000   .text
00008000   MRFI_Init
00008000   __text__
000081c6   nwk_link
0000831e   nwk_QfindOldest
00008448   MRFI_Transmit
0000854a   nwk_join
00008644   nwk_allocateLocalRxPort
000087f8   nwk_retrieveFrame
000088aa   SMPL_Ioctl
0000895a   USCIAB0TX_ISR
000089fe   nwk_buildFrame
00008a9c   WriteRTCCTimeDate
00008b36   init_cc
00008bbe   nwk_nwkInit
00008c44   nwk_QfindSlot
00008cc6   ReadRTCCTimeDate
00008dc6   SMPL_SendOpt
00008e44   nwk_radioControl
00008f2c   ReadI2CMultipleByte
00008f9a   READ_I2C
00009006   __divul
00009006   __remul
0000905e   MRFI_WakeUp
000090b2   nwk_rawSend
00009106   nwk_getNextConnection
00009156   SMPL_Receive
000091a2   I_LSR
000091b0   I_LSR_15
000091b4   I_LSR_14
000091b8   I_LSR_13
000091bc   I_LSR_12
000091c0   I_LSR_11
000091c4   I_LSR_10
000091c8   I_LSR_9
000091cc   I_LSR_8
000091d0   I_LSR_7
000091d4   I_LSR_6
000091d8   I_LSR_5
000091dc   I_LSR_4
000091e0   I_LSR_3
000091e4   I_LSR_2
000091e8   I_LSR_1
000091ee   WriteI2CMultipleByte
00009238   _auto_init
0000927e   mrfiSpiCmdStrobe
000092c4   MRFI_Rssi
00009388   MRFI_ReplyDelay
000093c4   Setup_TX
00009400   WRITE_I2C
0000943c   nwk_putNumObjectIntoMsg
00009478   Setup_RX
000094ae   InitRTCC
000094e2   MRFI_SetRFPwr
00009516   MRFI_SetRxAddrFilter
0000954a   SMPL_Init
0000957e   main
000095b2   mrfiSpiInit
000095e6   nwk_deviceAddress
0000961a   InitI2C
0000964c   MRFI_SetLogicalChannel
0000967e   nwk_QadjustOrder
000096b0   nwk_getConnInfo
000096e2   nwk_linkInit
00009774   nwk_rawReceive
000097a4   nwk_sendFrame
0000982e   __divi
0000982e   __remi
00009884   nwk_checkConnInfo
000098d4   _c_int00
000098d4   _c_int00_noexit
000098fa   nwk_connectionControl
00009920   nwk_globalsInit
00009946   nwk_joinInit
0000996c   __mpyl
00009992   MRFI_Sleep
000099b6   memcmp
000099da   MRFI_RxOn
000099fc   BSP_Init
00009a1c   BSP_InitBoard
00009a3c   MRFI_EnableRxAddrFilter
00009a5c   MRFI_RxIdle
00009a7c   memmove
00009a9c   nwk_frameInit
00009abc   BSP_Delay
00009ada   nwk_QInit
00009af8   mrfiSpiReadReg
00009b14   nwk_setMyAddress
00009b30   MRFI_DelayMs
00009b48   mrfiSpiWriteReg
00009b60   MRFI_RandomByte
00009b8c   __divu
00009b8c   __remu
00009ba2   ReadSRAMBlock
00009bb6   WriteSRAMBlock
00009bde   memset
00009bf2   __mpyi
00009c06   toggleLED
00009c1a   BSP_InitLeds
00009c2c   memcpy
00009c3e   nwk_getMyAddress
00009c50   nwk_setLinkToken
00009c62   L_ASR
00009c72   func_epilog_7
00009c74   func_epilog_6
00009c76   func_epilog_5
00009c78   func_epilog_4
00009c7a   func_epilog_3
00009c7c   func_epilog_2
00009c7e   func_epilog_1
00009c82   mrfiSpiWriteTxFifo
00009c90   nwk_setAPAddress
00009c9e   BSP_InitButtons
00009ca8   BSP_InitDrivers
00009cb2   _system_pre_init
00009cbc   nwk_mgmtInit
00009cc6   nwk_pingInit
00009cd0   SMPL_Send
00009cd8   MRFI_GetRadioState
00009cde   SMPL_Link
00009ce4   nwk_freeConnection
00009cea   nwk_getBCastAddress
00009cf0   nwk_getFWVersion
00009cf6   nwk_getMyRxType
00009cfc   nwk_getProtocolVersion
00009d02   C$$EXIT
00009d02   abort
00009d06   _nop
00009d08   nwk_freqInit
00009d0a   nwk_securityInit
00009d0c   __cinit__
00009d0c   __etext__
00009d0c   cinit
00009d0c   etext
00009e18   mrfiBroadcastAddr
0000fffe   _reset_vector
ffffffff   __binit__
ffffffff   __c_args__
ffffffff   __pinit__
ffffffff   binit
ffffffff   pinit

[262 symbols]
