******************************************************************************
                  MSP430 Linker PC v4.0.0                      
******************************************************************************
>> Linked Wed May 02 18:20:46 2012

OUTPUT FILE NAME:   <GPIO_test.out>
ENTRY POINT SYMBOL: "_c_int00"  address: 00008000


MEMORY CONFIGURATION

         name            origin    length      used     unused   attr    fill
----------------------  --------  ---------  --------  --------  ----  --------
  SFR                   00000000   00000010  00000000  00000010  RWIX
  PERIPHERALS_8BIT      00000010   000000f0  00000000  000000f0  RWIX
  PERIPHERALS_16BIT     00000100   00000100  00000000  00000100  RWIX
  RAM                   00000200   00000400  00000058  000003a8  RWIX
  INFOD                 00001000   00000040  00000000  00000040  RWIX
  INFOC                 00001040   00000040  00000000  00000040  RWIX
  INFOB                 00001080   00000040  00000000  00000040  RWIX
  INFOA                 000010c0   00000040  00000000  00000040  RWIX
  FLASH                 00008000   00007fde  00000052  00007f8c  RWIX
  INT00                 0000ffe0   00000002  00000000  00000002  RWIX
  INT01                 0000ffe2   00000002  00000000  00000002  RWIX
  INT02                 0000ffe4   00000002  00000000  00000002  RWIX
  INT03                 0000ffe6   00000002  00000002  00000000  RWIX
  INT04                 0000ffe8   00000002  00000000  00000002  RWIX
  INT05                 0000ffea   00000002  00000000  00000002  RWIX
  INT06                 0000ffec   00000002  00000000  00000002  RWIX
  INT07                 0000ffee   00000002  00000000  00000002  RWIX
  INT08                 0000fff0   00000002  00000000  00000002  RWIX
  INT09                 0000fff2   00000002  00000000  00000002  RWIX
  INT10                 0000fff4   00000002  00000000  00000002  RWIX
  INT11                 0000fff6   00000002  00000000  00000002  RWIX
  INT12                 0000fff8   00000002  00000000  00000002  RWIX
  INT13                 0000fffa   00000002  00000000  00000002  RWIX
  INT14                 0000fffc   00000002  00000000  00000002  RWIX
  RESET                 0000fffe   00000002  00000002  00000000  RWIX


SECTION ALLOCATION MAP

 output                                  attributes/
section   page    origin      length       input sections
--------  ----  ----------  ----------   ----------------
.cinit     0    00008000    00000000     UNINITIALIZED

.pinit     0    00008000    00000000     UNINITIALIZED

.bss       0    00000200    00000008     UNINITIALIZED
                  00000200    00000004     rts430.lib : _lock.obj (.bss)
                  00000204    00000004                : boot.obj (.bss)

.stack     0    000005b0    00000050     UNINITIALIZED
                  000005b0    00000002     rts430.lib : boot.obj (.stack)
                  000005b2    0000004e     --HOLE--

.text      0    00008000    00000052     
                  00008000    0000001e     rts430.lib : boot.obj (.text:_c_int00_noinit_noexit)
                  0000801e    0000001c     main.obj (.text:main)
                  0000803a    0000000e     main.obj (.text:Port_2)
                  00008048    00000004     rts430.lib : pre_init.obj (.text:_system_pre_init)
                  0000804c    00000004                : exit.obj (.text:abort)
                  00008050    00000002                : _lock.obj (.text:_nop)

.int03     0    0000ffe6    00000002     
                  0000ffe6    00000002     main.obj (.int03)

.reset     0    0000fffe    00000002     
                  0000fffe    00000002     rts430.lib : boot.obj (.reset)


GLOBAL SYMBOLS: SORTED ALPHABETICALLY BY Name 

address    name
--------   ----
00000200   .bss
00008000   .text
0000004a   ADC10AE0
0000004b   ADC10AE1
000001b0   ADC10CTL0
000001b2   ADC10CTL1
00000048   ADC10DTC0
00000049   ADC10DTC1
000001b4   ADC10MEM
000001bc   ADC10SA
00000057   BCSCTL1
00000058   BCSCTL2
00000053   BCSCTL3
0000804c   C$$EXIT
000010fb   CALBC1_12MHZ
000010f9   CALBC1_16MHZ
000010ff   CALBC1_1MHZ
000010fd   CALBC1_8MHZ
000010fa   CALDCO_12MHZ
000010f8   CALDCO_16MHZ
000010fe   CALDCO_1MHZ
000010fc   CALDCO_8MHZ
00000056   DCOCTL
00000128   FCTL1
0000012a   FCTL2
0000012c   FCTL3
00000000   IE1
00000001   IE2
00000002   IFG1
00000003   IFG2
000000c0   OA0CTL0
000000c1   OA0CTL1
000000c2   OA1CTL0
000000c3   OA1CTL1
00000022   P1DIR
00000025   P1IE
00000024   P1IES
00000023   P1IFG
00000020   P1IN
00000021   P1OUT
00000027   P1REN
00000026   P1SEL
0000002a   P2DIR
0000002d   P2IE
0000002c   P2IES
0000002b   P2IFG
00000028   P2IN
00000029   P2OUT
0000002f   P2REN
0000002e   P2SEL
0000001a   P3DIR
00000018   P3IN
00000019   P3OUT
00000010   P3REN
0000001b   P3SEL
0000001e   P4DIR
0000001c   P4IN
0000001d   P4OUT
00000011   P4REN
0000001f   P4SEL
0000803a   Port_2
00000172   TACCR0
00000174   TACCR1
00000176   TACCR2
00000162   TACCTL0
00000164   TACCTL1
00000166   TACCTL2
00000160   TACTL
0000012e   TAIV
00000170   TAR
00000192   TBCCR0
00000194   TBCCR1
00000196   TBCCR2
00000182   TBCCTL0
00000184   TBCCTL1
00000186   TBCCTL2
00000180   TBCTL
0000011e   TBIV
00000190   TBR
0000005d   UCA0ABCTL
00000062   UCA0BR0
00000063   UCA0BR1
00000060   UCA0CTL0
00000061   UCA0CTL1
0000005f   UCA0IRRCTL
0000005e   UCA0IRTCTL
00000064   UCA0MCTL
00000066   UCA0RXBUF
00000065   UCA0STAT
00000067   UCA0TXBUF
0000006a   UCB0BR0
0000006b   UCB0BR1
00000068   UCB0CTL0
00000069   UCB0CTL1
0000006c   UCB0I2CIE
00000118   UCB0I2COA
0000011a   UCB0I2CSA
0000006e   UCB0RXBUF
0000006d   UCB0STAT
0000006f   UCB0TXBUF
00000120   WDTCTL
00000600   __STACK_END
00000050   __STACK_SIZE
00000001   __TI_args_main
00000001   __TI_auto_init
00000001   __TI_exit
ffffffff   __binit__
00000200   __bss__
ffffffff   __c_args__
ffffffff   __cinit__
00000208   __end__
00008052   __etext__
ffffffff   __pinit__
00008000   __text__
00008000   _c_int00
00008000   _c_int00_noinit_noexit
00000204   _cleanup_ptr
00000206   _dtors_ptr
00000200   _lock
00008050   _nop
0000fffe   _reset_vector
000005b0   _stack
00008048   _system_pre_init
00000202   _unlock
0000804c   abort
ffffffff   binit
ffffffff   cinit
00000208   end
00008052   etext
0000801e   main
ffffffff   pinit


GLOBAL SYMBOLS: SORTED BY Symbol Address 

address    name
--------   ----
00000000   IE1
00000001   IE2
00000001   __TI_args_main
00000001   __TI_auto_init
00000001   __TI_exit
00000002   IFG1
00000003   IFG2
00000010   P3REN
00000011   P4REN
00000018   P3IN
00000019   P3OUT
0000001a   P3DIR
0000001b   P3SEL
0000001c   P4IN
0000001d   P4OUT
0000001e   P4DIR
0000001f   P4SEL
00000020   P1IN
00000021   P1OUT
00000022   P1DIR
00000023   P1IFG
00000024   P1IES
00000025   P1IE
00000026   P1SEL
00000027   P1REN
00000028   P2IN
00000029   P2OUT
0000002a   P2DIR
0000002b   P2IFG
0000002c   P2IES
0000002d   P2IE
0000002e   P2SEL
0000002f   P2REN
00000048   ADC10DTC0
00000049   ADC10DTC1
0000004a   ADC10AE0
0000004b   ADC10AE1
00000050   __STACK_SIZE
00000053   BCSCTL3
00000056   DCOCTL
00000057   BCSCTL1
00000058   BCSCTL2
0000005d   UCA0ABCTL
0000005e   UCA0IRTCTL
0000005f   UCA0IRRCTL
00000060   UCA0CTL0
00000061   UCA0CTL1
00000062   UCA0BR0
00000063   UCA0BR1
00000064   UCA0MCTL
00000065   UCA0STAT
00000066   UCA0RXBUF
00000067   UCA0TXBUF
00000068   UCB0CTL0
00000069   UCB0CTL1
0000006a   UCB0BR0
0000006b   UCB0BR1
0000006c   UCB0I2CIE
0000006d   UCB0STAT
0000006e   UCB0RXBUF
0000006f   UCB0TXBUF
000000c0   OA0CTL0
000000c1   OA0CTL1
000000c2   OA1CTL0
000000c3   OA1CTL1
00000118   UCB0I2COA
0000011a   UCB0I2CSA
0000011e   TBIV
00000120   WDTCTL
00000128   FCTL1
0000012a   FCTL2
0000012c   FCTL3
0000012e   TAIV
00000160   TACTL
00000162   TACCTL0
00000164   TACCTL1
00000166   TACCTL2
00000170   TAR
00000172   TACCR0
00000174   TACCR1
00000176   TACCR2
00000180   TBCTL
00000182   TBCCTL0
00000184   TBCCTL1
00000186   TBCCTL2
00000190   TBR
00000192   TBCCR0
00000194   TBCCR1
00000196   TBCCR2
000001b0   ADC10CTL0
000001b2   ADC10CTL1
000001b4   ADC10MEM
000001bc   ADC10SA
00000200   .bss
00000200   __bss__
00000200   _lock
00000202   _unlock
00000204   _cleanup_ptr
00000206   _dtors_ptr
00000208   __end__
00000208   end
000005b0   _stack
00000600   __STACK_END
000010f8   CALDCO_16MHZ
000010f9   CALBC1_16MHZ
000010fa   CALDCO_12MHZ
000010fb   CALBC1_12MHZ
000010fc   CALDCO_8MHZ
000010fd   CALBC1_8MHZ
000010fe   CALDCO_1MHZ
000010ff   CALBC1_1MHZ
00008000   .text
00008000   __text__
00008000   _c_int00
00008000   _c_int00_noinit_noexit
0000801e   main
0000803a   Port_2
00008048   _system_pre_init
0000804c   C$$EXIT
0000804c   abort
00008050   _nop
00008052   __etext__
00008052   etext
0000fffe   _reset_vector
ffffffff   __binit__
ffffffff   __c_args__
ffffffff   __cinit__
ffffffff   __pinit__
ffffffff   binit
ffffffff   cinit
ffffffff   pinit

[131 symbols]
