******************************************************************************
                  MSP430 Linker PC v4.0.0                      
******************************************************************************
>> Linked Mon May 07 19:02:47 2012

OUTPUT FILE NAME:   <Project.out>
ENTRY POINT SYMBOL: "_c_int00"  address: 00009266


MEMORY CONFIGURATION

         name            origin    length      used     unused   attr    fill
----------------------  --------  ---------  --------  --------  ----  --------
  SFR                   00000000   00000010  00000000  00000010  RWIX
  PERIPHERALS_8BIT      00000010   000000f0  00000000  000000f0  RWIX
  PERIPHERALS_16BIT     00000100   00000100  00000000  00000100  RWIX
  RAM                   00000200   00000400  000001c5  0000023b  RWIX
  INFOD                 00001000   00000040  00000000  00000040  RWIX
  INFOC                 00001040   00000040  00000000  00000040  RWIX
  INFOB                 00001080   00000040  00000000  00000040  RWIX
  INFOA                 000010c0   00000040  00000000  00000040  RWIX
  FLASH                 00008000   00007fde  0000178f  0000684f  RWIX
  INT00                 0000ffe0   00000002  00000000  00000002  RWIX
  INT01                 0000ffe2   00000002  00000000  00000002  RWIX
  INT02                 0000ffe4   00000002  00000000  00000002  RWIX
  INT03                 0000ffe6   00000002  00000000  00000002  RWIX
  INT04                 0000ffe8   00000002  00000000  00000002  RWIX
  INT05                 0000ffea   00000002  00000000  00000002  RWIX
  INT06                 0000ffec   00000002  00000002  00000000  RWIX
  INT07                 0000ffee   00000002  00000000  00000002  RWIX
  INT08                 0000fff0   00000002  00000000  00000002  RWIX
  INT09                 0000fff2   00000002  00000000  00000002  RWIX
  INT10                 0000fff4   00000002  00000000  00000002  RWIX
  INT11                 0000fff6   00000002  00000000  00000002  RWIX
  INT12                 0000fff8   00000002  00000000  00000002  RWIX
  INT13                 0000fffa   00000002  00000000  00000002  RWIX
  INT14                 0000fffc   00000002  00000000  00000002  RWIX
  RESET                 0000fffe   00000002  00000002  00000000  RWIX


SECTION ALLOCATION MAP

 output                                  attributes/
section   page    origin      length       input sections
--------  ----  ----------  ----------   ----------------
.pinit     0    00008000    00000000     UNINITIALIZED

.bss       0    00000200    00000175     UNINITIALIZED
                  00000200    0000008d     I2C_Driver.obj (.bss)
                  0000028d    00000001     bsp.obj (.bss)
                  0000028e    00000068     nwk_QMgmt.obj (.bss)
                  000002f6    00000026     mrfi.obj (.bss)
                  0000031c    00000026     nwk.obj (.bss)
                  00000342    0000000a     nwk_link.obj (.bss)
                  0000034c    00000009     nwk_globals.obj (.bss)
                  00000355    00000001     nwk_api.obj (.bss)
                  00000356    00000008     nwk_frame.obj (.bss)
                  0000035e    00000007     nwk_join.obj (.bss)
                  00000365    00000001     nwk_ping.obj (.bss)
                  00000366    00000004     rts430.lib : _lock.obj (.bss)
                  0000036a    00000004                : boot.obj (.bss)
                  0000036e    00000003     main_LinkListen.obj (.bss)
                  00000371    00000001     --HOLE--
                  00000372    00000003     nwk_mgmt.obj (.bss)

.stack     0    000005b0    00000050     UNINITIALIZED
                  000005b0    00000002     rts430.lib : boot.obj (.stack)
                  000005b2    0000004e     --HOLE--

.text      0    00008000    00001678     
                  00008000    000001c6     mrfi.obj (.text:MRFI_Init)
                  000081c6    0000012a     nwk_QMgmt.obj (.text:nwk_QfindOldest)
                  000082f0    00000102     mrfi.obj (.text:MRFI_Transmit)
                  000083f2    000000fa     nwk_join.obj (.text:nwk_join)
                  000084ec    000000b2     nwk_frame.obj (.text:nwk_retrieveFrame)
                  0000859e    000000b0     nwk_api.obj (.text:SMPL_Ioctl)
                  0000864e    000000a4     I2C_Driver.obj (.text:USCIAB0TX_ISR)
                  000086f2    0000009e     nwk_frame.obj (.text:nwk_buildFrame)
                  00008790    00000086     nwk.obj (.text:nwk_nwkInit)
                  00008816    00000082     nwk_QMgmt.obj (.text:nwk_QfindSlot)
                  00008898    00000080     mrfi.obj (.text:spiBurstFifoAccess)
                  00008918    0000007e     nwk_api.obj (.text:SMPL_SendOpt)
                  00008996    00000078     nwk_ioctl.obj (.text:nwk_radioControl)
                  00008a0e    00000076     nwk_api.obj (.text:SMPL_LinkListen)
                  00008a84    00000074     main_LinkListen.obj (.text:sRxCallback)
                  00008af8    00000058     rts430.lib : div32u.obj (.text)
                  00008b50    00000056     main_LinkListen.obj (.text:linkFrom)
                  00008ba6    00000054     mrfi.obj (.text:MRFI_WakeUp)
                  00008bfa    00000054     nwk_ioctl.obj (.text:nwk_rawSend)
                  00008c4e    0000004c     nwk_api.obj (.text:SMPL_Receive)
                  00008c9a    0000004c     rts430.lib : lsr16.obj (.text)
                  00008ce6    00000046                : autoinit.obj (.text:_auto_init)
                  00008d2c    00000046     mrfi.obj (.text:mrfiSpiCmdStrobe)
                  00008d72    00000044     mrfi.obj (.text:MRFI_Rssi)
                  00008db6    00000042     mrfi.obj (.text:spiRegAccess)
                  00008df8    0000003c     mrfi.obj (.text:MRFI_ReplyDelay)
                  00008e34    0000003c     nwk.obj (.text:nwk_putNumObjectIntoMsg)
                  00008e70    0000003a     nwk_link.obj (.text:nwk_getLocalLinkID)
                  00008eaa    00000034     mrfi.obj (.text:MRFI_SetRFPwr)
                  00008ede    00000034     mrfi.obj (.text:MRFI_SetRxAddrFilter)
                  00008f12    00000034     nwk_api.obj (.text:SMPL_Init)
                  00008f46    00000034     mrfi.obj (.text:mrfiSpiInit)
                  00008f7a    00000034     nwk_ioctl.obj (.text:nwk_deviceAddress)
                  00008fae    00000032     mrfi.obj (.text:MRFI_SetLogicalChannel)
                  00008fe0    00000032     nwk_QMgmt.obj (.text:nwk_QadjustOrder)
                  00009012    00000032     nwk.obj (.text:nwk_getConnInfo)
                  00009044    00000032     nwk_link.obj (.text:nwk_linkInit)
                  00009076    00000030     mrfi.obj (.text:Mrfi_DelayUsecSem)
                  000090a6    00000030     main_LinkListen.obj (.text:main)
                  000090d6    00000030     nwk.obj (.text:map_lid2idx)
                  00009106    00000030     nwk_ioctl.obj (.text:nwk_rawReceive)
                  00009136    00000030     nwk_frame.obj (.text:nwk_sendFrame)
                  00009166    0000002e     mrfi.obj (.text:Mrfi_CalculateRssi)
                  00009194    0000002c     mrfi.obj (.text:Mrfi_RxModeOff)
                  000091c0    0000002c     rts430.lib : div16s.obj (.text)
                  000091ec    0000002a     mrfi.obj (.text:Mrfi_DelayUsec)
                  00009216    0000002a     nwk.obj (.text:nwk_checkConnInfo)
                  00009240    00000026     mrfi.obj (.text:Mrfi_RandomBackoffDelay)
                  00009266    00000026     rts430.lib : boot.obj (.text:_c_int00_noexit)
                  0000928c    00000026     nwk_ioctl.obj (.text:nwk_connectionControl)
                  000092b2    00000026     nwk_globals.obj (.text:nwk_globalsInit)
                  000092d8    00000026     nwk_join.obj (.text:nwk_joinInit)
                  000092fe    00000026     rts430.lib : mult32.obj (.text)
                  00009324    00000024     mrfi.obj (.text:MRFI_Sleep)
                  00009348    00000024     rts430.lib : memcmp.obj (.text:memcmp)
                  0000936c    00000022     mrfi.obj (.text:MRFI_RxOn)
                  0000938e    00000020     bsp.obj (.text:BSP_Init)
                  000093ae    00000020     bsp.obj (.text:BSP_InitBoard)
                  000093ce    00000020     mrfi.obj (.text:MRFI_EnableRxAddrFilter)
                  000093ee    00000020     mrfi.obj (.text:MRFI_RxIdle)
                  0000940e    00000020     rts430.lib : memmov.obj (.text:memmove)
                  0000942e    00000020     nwk_frame.obj (.text:nwk_frameInit)
                  0000944e    0000001e     bsp.obj (.text:BSP_Delay)
                  0000946c    0000001e     nwk_QMgmt.obj (.text:nwk_QInit)
                  0000948a    0000001c     mrfi.obj (.text:mrfiSpiReadReg)
                  000094a6    0000001c     nwk_globals.obj (.text:nwk_setMyAddress)
                  000094c2    00000018     mrfi.obj (.text:MRFI_DelayMs)
                  000094da    00000018     mrfi.obj (.text:mrfiSpiWriteReg)
                  000094f2    00000016     mrfi.obj (.text:MRFI_RandomByte)
                  00009508    00000016     mrfi.obj (.text:Mrfi_RxModeOn)
                  0000951e    00000016     rts430.lib : div16u.obj (.text)
                  00009534    00000014     nwk_api.obj (.text:ioctlPreInitAccessIsOK)
                  00009548    00000014     rts430.lib : memset.obj (.text:memset)
                  0000955c    00000014                : mult16.obj (.text)
                  00009570    00000014     main_LinkListen.obj (.text:toggleLED)
                  00009584    00000012     bsp.obj (.text:BSP_InitLeds)
                  00009596    00000012     rts430.lib : memcpy.obj (.text:memcpy)
                  000095a8    00000012     nwk_globals.obj (.text:nwk_getMyAddress)
                  000095ba    00000012     nwk_link.obj (.text:nwk_setLinkToken)
                  000095cc    00000010     rts430.lib : asr32.obj (.text:l_asr)
                  000095dc    00000010                : epilog.obj (.text)
                  000095ec    0000000e     mrfi.obj (.text:mrfiSpiWriteTxFifo)
                  000095fa    0000000e     nwk_globals.obj (.text:nwk_setAPAddress)
                  00009608    0000000e     nwk_link.obj (.text:nwk_setListenContext)
                  00009616    0000000a     bsp.obj (.text:BSP_InitButtons)
                  00009620    0000000a     bsp.obj (.text:BSP_InitDrivers)
                  0000962a    0000000a     bsp.obj (.text:_system_pre_init)
                  00009634    0000000a     nwk_mgmt.obj (.text:nwk_mgmtInit)
                  0000963e    0000000a     nwk_ping.obj (.text:nwk_pingInit)
                  00009648    00000008     nwk_api.obj (.text:SMPL_Send)
                  00009650    00000006     mrfi.obj (.text:MRFI_GetRadioState)
                  00009656    00000006     nwk.obj (.text:nwk_freeConnection)
                  0000965c    00000006     nwk_globals.obj (.text:nwk_getBCastAddress)
                  00009662    00000006     nwk_globals.obj (.text:nwk_getFWVersion)
                  00009668    00000006     nwk_globals.obj (.text:nwk_getProtocolVersion)
                  0000966e    00000004     rts430.lib : exit.obj (.text:abort)
                  00009672    00000002                : _lock.obj (.text:_nop)
                  00009674    00000002     nwk_freq.obj (.text:nwk_freqInit)
                  00009676    00000002     nwk_security.obj (.text:nwk_securityInit)

.cinit     0    00009678    000000c6     
                  00009678    0000002f     mrfi.obj (.cinit)
                  000096a7    00000001     --HOLE-- [fill = 0]
                  000096a8    0000001e     nwk_frame.obj (.cinit)
                  000096c6    00000019     nwk_link.obj (.cinit)
                  000096df    00000001     --HOLE-- [fill = 0]
                  000096e0    00000013     nwk_join.obj (.cinit)
                  000096f3    00000001     --HOLE-- [fill = 0]
                  000096f4    00000011     main_LinkListen.obj (.cinit)
                  00009705    00000001     --HOLE-- [fill = 0]
                  00009706    0000000b     I2C_Driver.obj (.cinit)
                  00009711    00000001     --HOLE-- [fill = 0]
                  00009712    0000000b     nwk_mgmt.obj (.cinit)
                  0000971d    00000001     --HOLE-- [fill = 0]
                  0000971e    00000005     bsp.obj (.cinit)
                  00009723    00000001     --HOLE-- [fill = 0]
                  00009724    00000005     nwk.obj (.cinit)
                  00009729    00000001     --HOLE-- [fill = 0]
                  0000972a    00000005     nwk_api.obj (.cinit)
                  0000972f    00000001     --HOLE-- [fill = 0]
                  00009730    00000005     nwk_globals.obj (.cinit)
                  00009735    00000001     --HOLE-- [fill = 0]
                  00009736    00000005     nwk_ping.obj (.cinit)
                  0000973b    00000001     --HOLE-- [fill = 0]
                  0000973c    00000002     (.pad.cinit) [fill = 0]

.const     0    0000973e    00000051     
                  0000973e    0000003c     mrfi.obj (.const:mrfiRadioCfg)
                  0000977a    00000009     nwk_globals.obj (.const)
                  00009783    00000001     --HOLE-- [fill = 0]
                  00009784    00000004     mrfi.obj (.const:mrfiBroadcastAddr)
                  00009788    00000004     mrfi.obj (.const:mrfiLogicalChanTable)
                  0000978c    00000003     mrfi.obj (.const:mrfiRFPowerTable)

.int06     0    0000ffec    00000002     
                  0000ffec    00000002     I2C_Driver.obj (.int06)

.reset     0    0000fffe    00000002     
                  0000fffe    00000002     rts430.lib : boot.obj (.reset)


GLOBAL SYMBOLS: SORTED ALPHABETICALLY BY Name 

address    name
--------   ----
00000200   .bss
00008000   .text
0000004a   ADC10AE0
0000004b   ADC10AE1
000001b0   ADC10CTL0
000001b2   ADC10CTL1
00000048   ADC10DTC0
00000049   ADC10DTC1
000001b4   ADC10MEM
000001bc   ADC10SA
00000057   BCSCTL1
00000058   BCSCTL2
00000053   BCSCTL3
0000944e   BSP_Delay
0000938e   BSP_Init
000093ae   BSP_InitBoard
00009616   BSP_InitButtons
00009620   BSP_InitDrivers
00009584   BSP_InitLeds
0000966e   C$$EXIT
000010fb   CALBC1_12MHZ
000010f9   CALBC1_16MHZ
000010ff   CALBC1_1MHZ
000010fd   CALBC1_8MHZ
000010fa   CALDCO_12MHZ
000010f8   CALDCO_16MHZ
000010fe   CALDCO_1MHZ
000010fc   CALDCO_8MHZ
00000056   DCOCTL
00000128   FCTL1
0000012a   FCTL2
0000012c   FCTL3
00000000   IE1
00000001   IE2
00000002   IFG1
00000003   IFG2
00008c9a   I_LSR
00008ce0   I_LSR_1
00008cbc   I_LSR_10
00008cb8   I_LSR_11
00008cb4   I_LSR_12
00008cb0   I_LSR_13
00008cac   I_LSR_14
00008ca8   I_LSR_15
00008cdc   I_LSR_2
00008cd8   I_LSR_3
00008cd4   I_LSR_4
00008cd0   I_LSR_5
00008ccc   I_LSR_6
00008cc8   I_LSR_7
00008cc4   I_LSR_8
00008cc0   I_LSR_9
000095cc   L_ASR
000094c2   MRFI_DelayMs
000093ce   MRFI_EnableRxAddrFilter
00009650   MRFI_GetRadioState
00008000   MRFI_Init
000094f2   MRFI_RandomByte
00008df8   MRFI_ReplyDelay
00008d72   MRFI_Rssi
000093ee   MRFI_RxIdle
0000936c   MRFI_RxOn
00008fae   MRFI_SetLogicalChannel
00008eaa   MRFI_SetRFPwr
00008ede   MRFI_SetRxAddrFilter
00009324   MRFI_Sleep
000082f0   MRFI_Transmit
00008ba6   MRFI_WakeUp
000000c0   OA0CTL0
000000c1   OA0CTL1
000000c2   OA1CTL0
000000c3   OA1CTL1
00000022   P1DIR
00000025   P1IE
00000024   P1IES
00000023   P1IFG
00000020   P1IN
00000021   P1OUT
00000027   P1REN
00000026   P1SEL
0000002a   P2DIR
0000002d   P2IE
0000002c   P2IES
0000002b   P2IFG
00000028   P2IN
00000029   P2OUT
0000002f   P2REN
0000002e   P2SEL
0000001a   P3DIR
00000018   P3IN
00000019   P3OUT
00000010   P3REN
0000001b   P3SEL
0000001e   P4DIR
0000001c   P4IN
0000001d   P4OUT
00000011   P4REN
0000001f   P4SEL
00000206   PRxData
00000208   PTxData
00000202   RPT_Flag
0000028c   RX
00000200   RXByteCtr
0000028a   RxBuffer
00008f12   SMPL_Init
0000859e   SMPL_Ioctl
00008a0e   SMPL_LinkListen
00008c4e   SMPL_Receive
00009648   SMPL_Send
00008918   SMPL_SendOpt
00000172   TACCR0
00000174   TACCR1
00000176   TACCR2
00000162   TACCTL0
00000164   TACCTL1
00000166   TACCTL2
00000160   TACTL
0000012e   TAIV
00000170   TAR
00000192   TBCCR0
00000194   TBCCR1
00000196   TBCCR2
00000182   TBCCTL0
00000184   TBCCTL1
00000186   TBCCTL2
00000180   TBCTL
0000011e   TBIV
00000190   TBR
0000028b   TXByteCtr
00000204   TXData
0000020a   TxBuffer
0000005d   UCA0ABCTL
00000062   UCA0BR0
00000063   UCA0BR1
00000060   UCA0CTL0
00000061   UCA0CTL1
0000005f   UCA0IRRCTL
0000005e   UCA0IRTCTL
00000064   UCA0MCTL
00000066   UCA0RXBUF
00000065   UCA0STAT
00000067   UCA0TXBUF
0000006a   UCB0BR0
0000006b   UCB0BR1
00000068   UCB0CTL0
00000069   UCB0CTL1
0000006c   UCB0I2CIE
00000118   UCB0I2COA
0000011a   UCB0I2CSA
0000006e   UCB0RXBUF
0000006d   UCB0STAT
0000006f   UCB0TXBUF
0000864e   USCIAB0TX_ISR
00000120   WDTCTL
00000600   __STACK_END
00000050   __STACK_SIZE
00000001   __TI_args_main
00000001   __TI_auto_init
00000001   __TI_exit
ffffffff   __binit__
00000200   __bss__
ffffffff   __c_args__
00009678   __cinit__
000091c0   __divi
0000951e   __divu
00008af8   __divul
00000375   __end__
00009678   __etext__
0000955c   __mpyi
000092fe   __mpyl
ffffffff   __pinit__
000091c0   __remi
0000951e   __remu
00008af8   __remul
00008000   __text__
00008ce6   _auto_init
00009266   _c_int00
00009266   _c_int00_noexit
0000036a   _cleanup_ptr
0000036c   _dtors_ptr
00000366   _lock
00009672   _nop
0000fffe   _reset_vector
000005b0   _stack
0000962a   _system_pre_init
00000368   _unlock
0000966e   abort
ffffffff   binit
00009678   cinit
00000375   end
00009678   etext
000095e8   func_epilog_1
000095e6   func_epilog_2
000095e4   func_epilog_3
000095e2   func_epilog_4
000095e0   func_epilog_5
000095de   func_epilog_6
000095dc   func_epilog_7
000090a6   main
00009348   memcmp
00009596   memcpy
0000940e   memmove
00009548   memset
00009784   mrfiBroadcastAddr
00008d2c   mrfiSpiCmdStrobe
00008f46   mrfiSpiInit
0000948a   mrfiSpiReadReg
000094da   mrfiSpiWriteReg
000095ec   mrfiSpiWriteTxFifo
0000946c   nwk_QInit
00008fe0   nwk_QadjustOrder
000081c6   nwk_QfindOldest
00008816   nwk_QfindSlot
000086f2   nwk_buildFrame
00009216   nwk_checkConnInfo
0000928c   nwk_connectionControl
00008f7a   nwk_deviceAddress
0000942e   nwk_frameInit
00009656   nwk_freeConnection
00009674   nwk_freqInit
0000965c   nwk_getBCastAddress
00009012   nwk_getConnInfo
00009662   nwk_getFWVersion
00008e70   nwk_getLocalLinkID
000095a8   nwk_getMyAddress
00009668   nwk_getProtocolVersion
000092b2   nwk_globalsInit
000083f2   nwk_join
000092d8   nwk_joinInit
00009044   nwk_linkInit
00009634   nwk_mgmtInit
00008790   nwk_nwkInit
0000963e   nwk_pingInit
00008e34   nwk_putNumObjectIntoMsg
00008996   nwk_radioControl
00009106   nwk_rawReceive
00008bfa   nwk_rawSend
000084ec   nwk_retrieveFrame
00009676   nwk_securityInit
00009136   nwk_sendFrame
000095fa   nwk_setAPAddress
000095ba   nwk_setLinkToken
00009608   nwk_setListenContext
000094a6   nwk_setMyAddress
ffffffff   pinit
00009570   toggleLED


GLOBAL SYMBOLS: SORTED BY Symbol Address 

address    name
--------   ----
00000000   IE1
00000001   IE2
00000001   __TI_args_main
00000001   __TI_auto_init
00000001   __TI_exit
00000002   IFG1
00000003   IFG2
00000010   P3REN
00000011   P4REN
00000018   P3IN
00000019   P3OUT
0000001a   P3DIR
0000001b   P3SEL
0000001c   P4IN
0000001d   P4OUT
0000001e   P4DIR
0000001f   P4SEL
00000020   P1IN
00000021   P1OUT
00000022   P1DIR
00000023   P1IFG
00000024   P1IES
00000025   P1IE
00000026   P1SEL
00000027   P1REN
00000028   P2IN
00000029   P2OUT
0000002a   P2DIR
0000002b   P2IFG
0000002c   P2IES
0000002d   P2IE
0000002e   P2SEL
0000002f   P2REN
00000048   ADC10DTC0
00000049   ADC10DTC1
0000004a   ADC10AE0
0000004b   ADC10AE1
00000050   __STACK_SIZE
00000053   BCSCTL3
00000056   DCOCTL
00000057   BCSCTL1
00000058   BCSCTL2
0000005d   UCA0ABCTL
0000005e   UCA0IRTCTL
0000005f   UCA0IRRCTL
00000060   UCA0CTL0
00000061   UCA0CTL1
00000062   UCA0BR0
00000063   UCA0BR1
00000064   UCA0MCTL
00000065   UCA0STAT
00000066   UCA0RXBUF
00000067   UCA0TXBUF
00000068   UCB0CTL0
00000069   UCB0CTL1
0000006a   UCB0BR0
0000006b   UCB0BR1
0000006c   UCB0I2CIE
0000006d   UCB0STAT
0000006e   UCB0RXBUF
0000006f   UCB0TXBUF
000000c0   OA0CTL0
000000c1   OA0CTL1
000000c2   OA1CTL0
000000c3   OA1CTL1
00000118   UCB0I2COA
0000011a   UCB0I2CSA
0000011e   TBIV
00000120   WDTCTL
00000128   FCTL1
0000012a   FCTL2
0000012c   FCTL3
0000012e   TAIV
00000160   TACTL
00000162   TACCTL0
00000164   TACCTL1
00000166   TACCTL2
00000170   TAR
00000172   TACCR0
00000174   TACCR1
00000176   TACCR2
00000180   TBCTL
00000182   TBCCTL0
00000184   TBCCTL1
00000186   TBCCTL2
00000190   TBR
00000192   TBCCR0
00000194   TBCCR1
00000196   TBCCR2
000001b0   ADC10CTL0
000001b2   ADC10CTL1
000001b4   ADC10MEM
000001bc   ADC10SA
00000200   .bss
00000200   RXByteCtr
00000200   __bss__
00000202   RPT_Flag
00000204   TXData
00000206   PRxData
00000208   PTxData
0000020a   TxBuffer
0000028a   RxBuffer
0000028b   TXByteCtr
0000028c   RX
00000366   _lock
00000368   _unlock
0000036a   _cleanup_ptr
0000036c   _dtors_ptr
00000375   __end__
00000375   end
000005b0   _stack
00000600   __STACK_END
000010f8   CALDCO_16MHZ
000010f9   CALBC1_16MHZ
000010fa   CALDCO_12MHZ
000010fb   CALBC1_12MHZ
000010fc   CALDCO_8MHZ
000010fd   CALBC1_8MHZ
000010fe   CALDCO_1MHZ
000010ff   CALBC1_1MHZ
00008000   .text
00008000   MRFI_Init
00008000   __text__
000081c6   nwk_QfindOldest
000082f0   MRFI_Transmit
000083f2   nwk_join
000084ec   nwk_retrieveFrame
0000859e   SMPL_Ioctl
0000864e   USCIAB0TX_ISR
000086f2   nwk_buildFrame
00008790   nwk_nwkInit
00008816   nwk_QfindSlot
00008918   SMPL_SendOpt
00008996   nwk_radioControl
00008a0e   SMPL_LinkListen
00008af8   __divul
00008af8   __remul
00008ba6   MRFI_WakeUp
00008bfa   nwk_rawSend
00008c4e   SMPL_Receive
00008c9a   I_LSR
00008ca8   I_LSR_15
00008cac   I_LSR_14
00008cb0   I_LSR_13
00008cb4   I_LSR_12
00008cb8   I_LSR_11
00008cbc   I_LSR_10
00008cc0   I_LSR_9
00008cc4   I_LSR_8
00008cc8   I_LSR_7
00008ccc   I_LSR_6
00008cd0   I_LSR_5
00008cd4   I_LSR_4
00008cd8   I_LSR_3
00008cdc   I_LSR_2
00008ce0   I_LSR_1
00008ce6   _auto_init
00008d2c   mrfiSpiCmdStrobe
00008d72   MRFI_Rssi
00008df8   MRFI_ReplyDelay
00008e34   nwk_putNumObjectIntoMsg
00008e70   nwk_getLocalLinkID
00008eaa   MRFI_SetRFPwr
00008ede   MRFI_SetRxAddrFilter
00008f12   SMPL_Init
00008f46   mrfiSpiInit
00008f7a   nwk_deviceAddress
00008fae   MRFI_SetLogicalChannel
00008fe0   nwk_QadjustOrder
00009012   nwk_getConnInfo
00009044   nwk_linkInit
000090a6   main
00009106   nwk_rawReceive
00009136   nwk_sendFrame
000091c0   __divi
000091c0   __remi
00009216   nwk_checkConnInfo
00009266   _c_int00
00009266   _c_int00_noexit
0000928c   nwk_connectionControl
000092b2   nwk_globalsInit
000092d8   nwk_joinInit
000092fe   __mpyl
00009324   MRFI_Sleep
00009348   memcmp
0000936c   MRFI_RxOn
0000938e   BSP_Init
000093ae   BSP_InitBoard
000093ce   MRFI_EnableRxAddrFilter
000093ee   MRFI_RxIdle
0000940e   memmove
0000942e   nwk_frameInit
0000944e   BSP_Delay
0000946c   nwk_QInit
0000948a   mrfiSpiReadReg
000094a6   nwk_setMyAddress
000094c2   MRFI_DelayMs
000094da   mrfiSpiWriteReg
000094f2   MRFI_RandomByte
0000951e   __divu
0000951e   __remu
00009548   memset
0000955c   __mpyi
00009570   toggleLED
00009584   BSP_InitLeds
00009596   memcpy
000095a8   nwk_getMyAddress
000095ba   nwk_setLinkToken
000095cc   L_ASR
000095dc   func_epilog_7
000095de   func_epilog_6
000095e0   func_epilog_5
000095e2   func_epilog_4
000095e4   func_epilog_3
000095e6   func_epilog_2
000095e8   func_epilog_1
000095ec   mrfiSpiWriteTxFifo
000095fa   nwk_setAPAddress
00009608   nwk_setListenContext
00009616   BSP_InitButtons
00009620   BSP_InitDrivers
0000962a   _system_pre_init
00009634   nwk_mgmtInit
0000963e   nwk_pingInit
00009648   SMPL_Send
00009650   MRFI_GetRadioState
00009656   nwk_freeConnection
0000965c   nwk_getBCastAddress
00009662   nwk_getFWVersion
00009668   nwk_getProtocolVersion
0000966e   C$$EXIT
0000966e   abort
00009672   _nop
00009674   nwk_freqInit
00009676   nwk_securityInit
00009678   __cinit__
00009678   __etext__
00009678   cinit
00009678   etext
00009784   mrfiBroadcastAddr
0000fffe   _reset_vector
ffffffff   __binit__
ffffffff   __c_args__
ffffffff   __pinit__
ffffffff   binit
ffffffff   pinit

[246 symbols]
