******************************************************************************
                  MSP430 Linker PC v4.0.0                      
******************************************************************************
>> Linked Fri May 04 13:40:19 2012

OUTPUT FILE NAME:   <Project.out>
ENTRY POINT SYMBOL: "_c_int00"  address: 00009822


MEMORY CONFIGURATION

         name            origin    length      used     unused   attr    fill
----------------------  --------  ---------  --------  --------  ----  --------
  SFR                   00000000   00000010  00000000  00000010  RWIX
  PERIPHERALS_8BIT      00000010   000000f0  00000000  000000f0  RWIX
  PERIPHERALS_16BIT     00000100   00000100  00000000  00000100  RWIX
  RAM                   00000200   00000400  00000137  000002c9  RWIX
  INFOD                 00001000   00000040  00000000  00000040  RWIX
  INFOC                 00001040   00000040  00000000  00000040  RWIX
  INFOB                 00001080   00000040  00000000  00000040  RWIX
  INFOA                 000010c0   00000040  00000000  00000040  RWIX
  FLASH                 00008000   00007fde  00001e55  00006189  RWIX
  INT00                 0000ffe0   00000002  00000000  00000002  RWIX
  INT01                 0000ffe2   00000002  00000000  00000002  RWIX
  INT02                 0000ffe4   00000002  00000000  00000002  RWIX
  INT03                 0000ffe6   00000002  00000002  00000000  RWIX
  INT04                 0000ffe8   00000002  00000000  00000002  RWIX
  INT05                 0000ffea   00000002  00000000  00000002  RWIX
  INT06                 0000ffec   00000002  00000000  00000002  RWIX
  INT07                 0000ffee   00000002  00000000  00000002  RWIX
  INT08                 0000fff0   00000002  00000000  00000002  RWIX
  INT09                 0000fff2   00000002  00000000  00000002  RWIX
  INT10                 0000fff4   00000002  00000000  00000002  RWIX
  INT11                 0000fff6   00000002  00000000  00000002  RWIX
  INT12                 0000fff8   00000002  00000000  00000002  RWIX
  INT13                 0000fffa   00000002  00000000  00000002  RWIX
  INT14                 0000fffc   00000002  00000000  00000002  RWIX
  RESET                 0000fffe   00000002  00000002  00000000  RWIX


SECTION ALLOCATION MAP

 output                                  attributes/
section   page    origin      length       input sections
--------  ----  ----------  ----------   ----------------
.pinit     0    00008000    00000000     UNINITIALIZED

.bss       0    00000200    000000e7     UNINITIALIZED
                  00000200    00000068     nwk_QMgmt.obj (.bss)
                  00000268    00000026     mrfi.obj (.bss)
                  0000028e    00000026     nwk.obj (.bss)
                  000002b4    0000000a     nwk_link.obj (.bss)
                  000002be    00000009     nwk_globals.obj (.bss)
                  000002c7    00000001     bsp.obj (.bss)
                  000002c8    00000008     nwk_frame.obj (.bss)
                  000002d0    00000007     nwk_join.obj (.bss)
                  000002d7    00000001     nwk_api.obj (.bss)
                  000002d8    00000004     rts430.lib : _lock.obj (.bss)
                  000002dc    00000004                : boot.obj (.bss)
                  000002e0    00000003     main_LinkListen.obj (.bss)
                  000002e3    00000001     nwk_ping.obj (.bss)
                  000002e4    00000003     nwk_mgmt.obj (.bss)

.stack     0    000005b0    00000050     UNINITIALIZED
                  000005b0    00000002     rts430.lib : boot.obj (.stack)
                  000005b2    0000004e     --HOLE--

.text      0    00008000    00001d3e     
                  00008000    000001c6     mrfi.obj (.text:MRFI_Init)
                  000081c6    00000198     nwk_link.obj (.text:smpl_send_link_reply)
                  0000835e    0000012a     nwk_QMgmt.obj (.text:nwk_QfindOldest)
                  00008488    00000102     mrfi.obj (.text:MRFI_Transmit)
                  0000858a    000000fa     nwk_join.obj (.text:nwk_join)
                  00008684    000000de     nwk.obj (.text:nwk_allocateLocalRxPort)
                  00008762    000000d8     mrfi.obj (.text:Mrfi_SyncPinRxIsr)
                  0000883a    000000b2     nwk_frame.obj (.text:nwk_retrieveFrame)
                  000088ec    000000b0     nwk_api.obj (.text:SMPL_Ioctl)
                  0000899c    000000ae     nwk_frame.obj (.text:dispatchFrame)
                  00008a4a    0000009e     nwk_frame.obj (.text:nwk_buildFrame)
                  00008ae8    00000086     nwk.obj (.text:nwk_nwkInit)
                  00008b6e    00000082     nwk_QMgmt.obj (.text:nwk_QfindSlot)
                  00008bf0    00000080     mrfi.obj (.text:spiBurstFifoAccess)
                  00008c70    0000007e     nwk_api.obj (.text:SMPL_SendOpt)
                  00008cee    00000078     nwk_ioctl.obj (.text:nwk_radioControl)
                  00008d66    00000076     nwk_api.obj (.text:SMPL_LinkListen)
                  00008ddc    00000074     main_LinkListen.obj (.text:sRxCallback)
                  00008e50    00000068     nwk.obj (.text:nwk_isConnectionValid)
                  00008eb8    00000058     rts430.lib : div32u.obj (.text)
                  00008f10    00000056     main_LinkListen.obj (.text:linkFrom)
                  00008f66    00000054     mrfi.obj (.text:MRFI_WakeUp)
                  00008fba    00000054     nwk_ioctl.obj (.text:nwk_rawSend)
                  0000900e    00000050     nwk.obj (.text:nwk_getNextConnection)
                  0000905e    0000004c     nwk_api.obj (.text:SMPL_Receive)
                  000090aa    0000004c     rts430.lib : lsr16.obj (.text)
                  000090f6    00000046     mrfi.obj (.text:MRFI_RxAddrIsFiltered)
                  0000913c    00000046     rts430.lib : autoinit.obj (.text:_auto_init)
                  00009182    00000046     mrfi.obj (.text:mrfiSpiCmdStrobe)
                  000091c8    00000046     nwk.obj (.text:nwk_isLinkDuplicate)
                  0000920e    00000046     nwk_ping.obj (.text:smpl_send_ping_reply)
                  00009254    00000044     mrfi.obj (.text:MRFI_Rssi)
                  00009298    00000042     mrfi.obj (.text:spiRegAccess)
                  000092da    0000003e     nwk.obj (.text:initializeConnection)
                  00009318    0000003c     mrfi.obj (.text:MRFI_ReplyDelay)
                  00009354    0000003c     nwk.obj (.text:nwk_putNumObjectIntoMsg)
                  00009390    0000003a     nwk_link.obj (.text:nwk_getLocalLinkID)
                  000093ca    0000003a     nwk.obj (.text:nwk_isValidReply)
                  00009404    0000003a     nwk_mgmt.obj (.text:nwk_processMgmt)
                  0000943e    00000034     mrfi.obj (.text:MRFI_SetRFPwr)
                  00009472    00000034     mrfi.obj (.text:MRFI_SetRxAddrFilter)
                  000094a6    00000034     nwk_api.obj (.text:SMPL_Init)
                  000094da    00000034     mrfi.obj (.text:mrfiSpiInit)
                  0000950e    00000034     nwk_ioctl.obj (.text:nwk_deviceAddress)
                  00009542    00000032     mrfi.obj (.text:MRFI_SetLogicalChannel)
                  00009574    00000032     nwk_QMgmt.obj (.text:nwk_QadjustOrder)
                  000095a6    00000032     nwk.obj (.text:nwk_getConnInfo)
                  000095d8    00000032     nwk_link.obj (.text:nwk_linkInit)
                  0000960a    00000030     mrfi.obj (.text:Mrfi_DelayUsecSem)
                  0000963a    00000030     main_LinkListen.obj (.text:main)
                  0000966a    00000030     nwk.obj (.text:map_lid2idx)
                  0000969a    00000030     nwk_ioctl.obj (.text:nwk_rawReceive)
                  000096ca    00000030     nwk_frame.obj (.text:nwk_sendFrame)
                  000096fa    0000002e     mrfi.obj (.text:Mrfi_CalculateRssi)
                  00009728    0000002c     mrfi.obj (.text:Mrfi_RxModeOff)
                  00009754    0000002c     rts430.lib : div16s.obj (.text)
                  00009780    0000002a     mrfi.obj (.text:Mrfi_DelayUsec)
                  000097aa    0000002a     nwk.obj (.text:nwk_checkConnInfo)
                  000097d4    00000028     nwk_ping.obj (.text:nwk_processPing)
                  000097fc    00000026     mrfi.obj (.text:Mrfi_RandomBackoffDelay)
                  00009822    00000026     rts430.lib : boot.obj (.text:_c_int00_noexit)
                  00009848    00000026     nwk_ioctl.obj (.text:nwk_connectionControl)
                  0000986e    00000026     nwk_globals.obj (.text:nwk_globalsInit)
                  00009894    00000026     nwk_join.obj (.text:nwk_joinInit)
                  000098ba    00000026     nwk_link.obj (.text:nwk_processLink)
                  000098e0    00000026     rts430.lib : mult32.obj (.text)
                  00009906    00000024     mrfi.obj (.text:MRFI_Sleep)
                  0000992a    00000024     rts430.lib : memcmp.obj (.text:memcmp)
                  0000994e    00000022     mrfi.obj (.text:MRFI_RxOn)
                  00009970    00000020     bsp.obj (.text:BSP_Init)
                  00009990    00000020     bsp.obj (.text:BSP_InitBoard)
                  000099b0    00000020     mrfi.obj (.text:MRFI_EnableRxAddrFilter)
                  000099d0    00000020     nwk_frame.obj (.text:MRFI_RxCompleteISR)
                  000099f0    00000020     mrfi.obj (.text:MRFI_RxIdle)
                  00009a10    00000020     nwk_link.obj (.text:handleLinkRequest)
                  00009a30    00000020     rts430.lib : memmov.obj (.text:memmove)
                  00009a50    00000020     nwk_frame.obj (.text:nwk_frameInit)
                  00009a70    00000020     nwk_join.obj (.text:nwk_processJoin)
                  00009a90    0000001e     bsp.obj (.text:BSP_Delay)
                  00009aae    0000001e     nwk_QMgmt.obj (.text:nwk_QInit)
                  00009acc    0000001c     mrfi.obj (.text:MRFI_GpioIsr)
                  00009ae8    0000001c     mrfi.obj (.text:mrfiSpiReadReg)
                  00009b04    0000001c     nwk_globals.obj (.text:nwk_setMyAddress)
                  00009b20    0000001a     mrfi.obj (.text:BSP_GpioPort1Isr)
                  00009b3a    00000018     mrfi.obj (.text:MRFI_DelayMs)
                  00009b52    00000018     mrfi.obj (.text:mrfiSpiWriteReg)
                  00009b6a    00000016     mrfi.obj (.text:MRFI_RandomByte)
                  00009b80    00000016     mrfi.obj (.text:Mrfi_RxModeOn)
                  00009b96    00000016     rts430.lib : div16u.obj (.text)
                  00009bac    00000014     nwk_api.obj (.text:ioctlPreInitAccessIsOK)
                  00009bc0    00000014     rts430.lib : memset.obj (.text:memset)
                  00009bd4    00000014                : mult16.obj (.text)
                  00009be8    00000014     main_LinkListen.obj (.text:toggleLED)
                  00009bfc    00000012     bsp.obj (.text:BSP_InitLeds)
                  00009c0e    00000012     rts430.lib : memcpy.obj (.text:memcpy)
                  00009c20    00000012     nwk_globals.obj (.text:nwk_getMyAddress)
                  00009c32    00000012     nwk_link.obj (.text:nwk_setLinkToken)
                  00009c44    00000010     rts430.lib : asr32.obj (.text:l_asr)
                  00009c54    00000010                : epilog.obj (.text)
                  00009c64    0000000e     mrfi.obj (.text:MRFI_Receive)
                  00009c72    0000000e     mrfi.obj (.text:mrfiSpiWriteTxFifo)
                  00009c80    0000000e     nwk.obj (.text:nwk_getNumObjectFromMsg)
                  00009c8e    0000000e     nwk_globals.obj (.text:nwk_setAPAddress)
                  00009c9c    0000000e     nwk_link.obj (.text:nwk_setListenContext)
                  00009caa    0000000c     mrfi.obj (.text:MRFI_PostKillSem)
                  00009cb6    0000000c     nwk_ping.obj (.text:handlePingRequest)
                  00009cc2    0000000c     mrfi.obj (.text:mrfiSpiReadRxFifo)
                  00009cce    0000000a     bsp.obj (.text:BSP_InitButtons)
                  00009cd8    0000000a     bsp.obj (.text:BSP_InitDrivers)
                  00009ce2    0000000a     bsp.obj (.text:_system_pre_init)
                  00009cec    0000000a     nwk_mgmt.obj (.text:nwk_mgmtInit)
                  00009cf6    0000000a     nwk_ping.obj (.text:nwk_pingInit)
                  00009d00    00000008     nwk_api.obj (.text:SMPL_Send)
                  00009d08    00000006     mrfi.obj (.text:MRFI_GetRadioState)
                  00009d0e    00000006     nwk.obj (.text:nwk_freeConnection)
                  00009d14    00000006     nwk_globals.obj (.text:nwk_getBCastAddress)
                  00009d1a    00000006     nwk_globals.obj (.text:nwk_getFWVersion)
                  00009d20    00000006     nwk_frame.obj (.text:nwk_getMyRxType)
                  00009d26    00000006     nwk_globals.obj (.text:nwk_getProtocolVersion)
                  00009d2c    00000004     rts430.lib : exit.obj (.text:abort)
                  00009d30    00000004     nwk_freq.obj (.text:nwk_processFreq)
                  00009d34    00000004     nwk_security.obj (.text:nwk_processSecurity)
                  00009d38    00000002     rts430.lib : _lock.obj (.text:_nop)
                  00009d3a    00000002     nwk_freq.obj (.text:nwk_freqInit)
                  00009d3c    00000002     nwk_security.obj (.text:nwk_securityInit)

.cinit     0    00009d3e    000000ba     
                  00009d3e    0000002f     mrfi.obj (.cinit)
                  00009d6d    00000001     --HOLE-- [fill = 0]
                  00009d6e    0000001e     nwk_frame.obj (.cinit)
                  00009d8c    00000019     nwk_link.obj (.cinit)
                  00009da5    00000001     --HOLE-- [fill = 0]
                  00009da6    00000013     nwk_join.obj (.cinit)
                  00009db9    00000001     --HOLE-- [fill = 0]
                  00009dba    00000011     main_LinkListen.obj (.cinit)
                  00009dcb    00000001     --HOLE-- [fill = 0]
                  00009dcc    0000000b     nwk_mgmt.obj (.cinit)
                  00009dd7    00000001     --HOLE-- [fill = 0]
                  00009dd8    00000005     bsp.obj (.cinit)
                  00009ddd    00000001     --HOLE-- [fill = 0]
                  00009dde    00000005     nwk.obj (.cinit)
                  00009de3    00000001     --HOLE-- [fill = 0]
                  00009de4    00000005     nwk_api.obj (.cinit)
                  00009de9    00000001     --HOLE-- [fill = 0]
                  00009dea    00000005     nwk_globals.obj (.cinit)
                  00009def    00000001     --HOLE-- [fill = 0]
                  00009df0    00000005     nwk_ping.obj (.cinit)
                  00009df5    00000001     --HOLE-- [fill = 0]
                  00009df6    00000002     (.pad.cinit) [fill = 0]

.const     0    00009df8    0000005d     
                  00009df8    0000003c     mrfi.obj (.const:mrfiRadioCfg)
                  00009e34    0000000c     nwk_frame.obj (.const:func)
                  00009e40    00000009     nwk_globals.obj (.const)
                  00009e49    00000001     --HOLE-- [fill = 0]
                  00009e4a    00000004     mrfi.obj (.const:mrfiBroadcastAddr)
                  00009e4e    00000004     mrfi.obj (.const:mrfiLogicalChanTable)
                  00009e52    00000003     mrfi.obj (.const:mrfiRFPowerTable)

.int03     0    0000ffe6    00000002     
                  0000ffe6    00000002     mrfi.obj (.int03)

.reset     0    0000fffe    00000002     
                  0000fffe    00000002     rts430.lib : boot.obj (.reset)


GLOBAL SYMBOLS: SORTED ALPHABETICALLY BY Name 

address    name
--------   ----
00000200   .bss
00008000   .text
0000004a   ADC10AE0
0000004b   ADC10AE1
000001b0   ADC10CTL0
000001b2   ADC10CTL1
00000048   ADC10DTC0
00000049   ADC10DTC1
000001b4   ADC10MEM
000001bc   ADC10SA
00000057   BCSCTL1
00000058   BCSCTL2
00000053   BCSCTL3
00009a90   BSP_Delay
00009b20   BSP_GpioPort1Isr
00009970   BSP_Init
00009990   BSP_InitBoard
00009cce   BSP_InitButtons
00009cd8   BSP_InitDrivers
00009bfc   BSP_InitLeds
00009d2c   C$$EXIT
000010fb   CALBC1_12MHZ
000010f9   CALBC1_16MHZ
000010ff   CALBC1_1MHZ
000010fd   CALBC1_8MHZ
000010fa   CALDCO_12MHZ
000010f8   CALDCO_16MHZ
000010fe   CALDCO_1MHZ
000010fc   CALDCO_8MHZ
00000056   DCOCTL
00000128   FCTL1
0000012a   FCTL2
0000012c   FCTL3
00000000   IE1
00000001   IE2
00000002   IFG1
00000003   IFG2
000090aa   I_LSR
000090f0   I_LSR_1
000090cc   I_LSR_10
000090c8   I_LSR_11
000090c4   I_LSR_12
000090c0   I_LSR_13
000090bc   I_LSR_14
000090b8   I_LSR_15
000090ec   I_LSR_2
000090e8   I_LSR_3
000090e4   I_LSR_4
000090e0   I_LSR_5
000090dc   I_LSR_6
000090d8   I_LSR_7
000090d4   I_LSR_8
000090d0   I_LSR_9
00009c44   L_ASR
00009b3a   MRFI_DelayMs
000099b0   MRFI_EnableRxAddrFilter
00009d08   MRFI_GetRadioState
00009acc   MRFI_GpioIsr
00008000   MRFI_Init
00009caa   MRFI_PostKillSem
00009b6a   MRFI_RandomByte
00009c64   MRFI_Receive
00009318   MRFI_ReplyDelay
00009254   MRFI_Rssi
000090f6   MRFI_RxAddrIsFiltered
000099d0   MRFI_RxCompleteISR
000099f0   MRFI_RxIdle
0000994e   MRFI_RxOn
00009542   MRFI_SetLogicalChannel
0000943e   MRFI_SetRFPwr
00009472   MRFI_SetRxAddrFilter
00009906   MRFI_Sleep
00008488   MRFI_Transmit
00008f66   MRFI_WakeUp
000000c0   OA0CTL0
000000c1   OA0CTL1
000000c2   OA1CTL0
000000c3   OA1CTL1
00000022   P1DIR
00000025   P1IE
00000024   P1IES
00000023   P1IFG
00000020   P1IN
00000021   P1OUT
00000027   P1REN
00000026   P1SEL
0000002a   P2DIR
0000002d   P2IE
0000002c   P2IES
0000002b   P2IFG
00000028   P2IN
00000029   P2OUT
0000002f   P2REN
0000002e   P2SEL
0000001a   P3DIR
00000018   P3IN
00000019   P3OUT
00000010   P3REN
0000001b   P3SEL
0000001e   P4DIR
0000001c   P4IN
0000001d   P4OUT
00000011   P4REN
0000001f   P4SEL
000094a6   SMPL_Init
000088ec   SMPL_Ioctl
00008d66   SMPL_LinkListen
0000905e   SMPL_Receive
00009d00   SMPL_Send
00008c70   SMPL_SendOpt
00000172   TACCR0
00000174   TACCR1
00000176   TACCR2
00000162   TACCTL0
00000164   TACCTL1
00000166   TACCTL2
00000160   TACTL
0000012e   TAIV
00000170   TAR
00000192   TBCCR0
00000194   TBCCR1
00000196   TBCCR2
00000182   TBCCTL0
00000184   TBCCTL1
00000186   TBCCTL2
00000180   TBCTL
0000011e   TBIV
00000190   TBR
0000005d   UCA0ABCTL
00000062   UCA0BR0
00000063   UCA0BR1
00000060   UCA0CTL0
00000061   UCA0CTL1
0000005f   UCA0IRRCTL
0000005e   UCA0IRTCTL
00000064   UCA0MCTL
00000066   UCA0RXBUF
00000065   UCA0STAT
00000067   UCA0TXBUF
0000006a   UCB0BR0
0000006b   UCB0BR1
00000068   UCB0CTL0
00000069   UCB0CTL1
0000006c   UCB0I2CIE
00000118   UCB0I2COA
0000011a   UCB0I2CSA
0000006e   UCB0RXBUF
0000006d   UCB0STAT
0000006f   UCB0TXBUF
00000120   WDTCTL
00000600   __STACK_END
00000050   __STACK_SIZE
00000001   __TI_args_main
00000001   __TI_auto_init
00000001   __TI_exit
ffffffff   __binit__
00000200   __bss__
ffffffff   __c_args__
00009d3e   __cinit__
00009754   __divi
00009b96   __divu
00008eb8   __divul
000002e7   __end__
00009d3e   __etext__
00009bd4   __mpyi
000098e0   __mpyl
ffffffff   __pinit__
00009754   __remi
00009b96   __remu
00008eb8   __remul
00008000   __text__
0000913c   _auto_init
00009822   _c_int00
00009822   _c_int00_noexit
000002dc   _cleanup_ptr
000002de   _dtors_ptr
000002d8   _lock
00009d38   _nop
0000fffe   _reset_vector
000005b0   _stack
00009ce2   _system_pre_init
000002da   _unlock
00009d2c   abort
ffffffff   binit
00009d3e   cinit
000002e7   end
00009d3e   etext
00009c60   func_epilog_1
00009c5e   func_epilog_2
00009c5c   func_epilog_3
00009c5a   func_epilog_4
00009c58   func_epilog_5
00009c56   func_epilog_6
00009c54   func_epilog_7
0000963a   main
0000992a   memcmp
00009c0e   memcpy
00009a30   memmove
00009bc0   memset
00009e4a   mrfiBroadcastAddr
00009182   mrfiSpiCmdStrobe
000094da   mrfiSpiInit
00009ae8   mrfiSpiReadReg
00009cc2   mrfiSpiReadRxFifo
00009b52   mrfiSpiWriteReg
00009c72   mrfiSpiWriteTxFifo
00009aae   nwk_QInit
00009574   nwk_QadjustOrder
0000835e   nwk_QfindOldest
00008b6e   nwk_QfindSlot
00008684   nwk_allocateLocalRxPort
00008a4a   nwk_buildFrame
000097aa   nwk_checkConnInfo
00009848   nwk_connectionControl
0000950e   nwk_deviceAddress
00009a50   nwk_frameInit
00009d0e   nwk_freeConnection
00009d3a   nwk_freqInit
00009d14   nwk_getBCastAddress
000095a6   nwk_getConnInfo
00009d1a   nwk_getFWVersion
00009390   nwk_getLocalLinkID
00009c20   nwk_getMyAddress
00009d20   nwk_getMyRxType
0000900e   nwk_getNextConnection
00009c80   nwk_getNumObjectFromMsg
00009d26   nwk_getProtocolVersion
0000986e   nwk_globalsInit
00008e50   nwk_isConnectionValid
000091c8   nwk_isLinkDuplicate
000093ca   nwk_isValidReply
0000858a   nwk_join
00009894   nwk_joinInit
000095d8   nwk_linkInit
00009cec   nwk_mgmtInit
00008ae8   nwk_nwkInit
00009cf6   nwk_pingInit
00009d30   nwk_processFreq
00009a70   nwk_processJoin
000098ba   nwk_processLink
00009404   nwk_processMgmt
000097d4   nwk_processPing
00009d34   nwk_processSecurity
00009354   nwk_putNumObjectIntoMsg
00008cee   nwk_radioControl
0000969a   nwk_rawReceive
00008fba   nwk_rawSend
0000883a   nwk_retrieveFrame
00009d3c   nwk_securityInit
000096ca   nwk_sendFrame
00009c8e   nwk_setAPAddress
00009c32   nwk_setLinkToken
00009c9c   nwk_setListenContext
00009b04   nwk_setMyAddress
ffffffff   pinit
00009be8   toggleLED


GLOBAL SYMBOLS: SORTED BY Symbol Address 

address    name
--------   ----
00000000   IE1
00000001   IE2
00000001   __TI_args_main
00000001   __TI_auto_init
00000001   __TI_exit
00000002   IFG1
00000003   IFG2
00000010   P3REN
00000011   P4REN
00000018   P3IN
00000019   P3OUT
0000001a   P3DIR
0000001b   P3SEL
0000001c   P4IN
0000001d   P4OUT
0000001e   P4DIR
0000001f   P4SEL
00000020   P1IN
00000021   P1OUT
00000022   P1DIR
00000023   P1IFG
00000024   P1IES
00000025   P1IE
00000026   P1SEL
00000027   P1REN
00000028   P2IN
00000029   P2OUT
0000002a   P2DIR
0000002b   P2IFG
0000002c   P2IES
0000002d   P2IE
0000002e   P2SEL
0000002f   P2REN
00000048   ADC10DTC0
00000049   ADC10DTC1
0000004a   ADC10AE0
0000004b   ADC10AE1
00000050   __STACK_SIZE
00000053   BCSCTL3
00000056   DCOCTL
00000057   BCSCTL1
00000058   BCSCTL2
0000005d   UCA0ABCTL
0000005e   UCA0IRTCTL
0000005f   UCA0IRRCTL
00000060   UCA0CTL0
00000061   UCA0CTL1
00000062   UCA0BR0
00000063   UCA0BR1
00000064   UCA0MCTL
00000065   UCA0STAT
00000066   UCA0RXBUF
00000067   UCA0TXBUF
00000068   UCB0CTL0
00000069   UCB0CTL1
0000006a   UCB0BR0
0000006b   UCB0BR1
0000006c   UCB0I2CIE
0000006d   UCB0STAT
0000006e   UCB0RXBUF
0000006f   UCB0TXBUF
000000c0   OA0CTL0
000000c1   OA0CTL1
000000c2   OA1CTL0
000000c3   OA1CTL1
00000118   UCB0I2COA
0000011a   UCB0I2CSA
0000011e   TBIV
00000120   WDTCTL
00000128   FCTL1
0000012a   FCTL2
0000012c   FCTL3
0000012e   TAIV
00000160   TACTL
00000162   TACCTL0
00000164   TACCTL1
00000166   TACCTL2
00000170   TAR
00000172   TACCR0
00000174   TACCR1
00000176   TACCR2
00000180   TBCTL
00000182   TBCCTL0
00000184   TBCCTL1
00000186   TBCCTL2
00000190   TBR
00000192   TBCCR0
00000194   TBCCR1
00000196   TBCCR2
000001b0   ADC10CTL0
000001b2   ADC10CTL1
000001b4   ADC10MEM
000001bc   ADC10SA
00000200   .bss
00000200   __bss__
000002d8   _lock
000002da   _unlock
000002dc   _cleanup_ptr
000002de   _dtors_ptr
000002e7   __end__
000002e7   end
000005b0   _stack
00000600   __STACK_END
000010f8   CALDCO_16MHZ
000010f9   CALBC1_16MHZ
000010fa   CALDCO_12MHZ
000010fb   CALBC1_12MHZ
000010fc   CALDCO_8MHZ
000010fd   CALBC1_8MHZ
000010fe   CALDCO_1MHZ
000010ff   CALBC1_1MHZ
00008000   .text
00008000   MRFI_Init
00008000   __text__
0000835e   nwk_QfindOldest
00008488   MRFI_Transmit
0000858a   nwk_join
00008684   nwk_allocateLocalRxPort
0000883a   nwk_retrieveFrame
000088ec   SMPL_Ioctl
00008a4a   nwk_buildFrame
00008ae8   nwk_nwkInit
00008b6e   nwk_QfindSlot
00008c70   SMPL_SendOpt
00008cee   nwk_radioControl
00008d66   SMPL_LinkListen
00008e50   nwk_isConnectionValid
00008eb8   __divul
00008eb8   __remul
00008f66   MRFI_WakeUp
00008fba   nwk_rawSend
0000900e   nwk_getNextConnection
0000905e   SMPL_Receive
000090aa   I_LSR
000090b8   I_LSR_15
000090bc   I_LSR_14
000090c0   I_LSR_13
000090c4   I_LSR_12
000090c8   I_LSR_11
000090cc   I_LSR_10
000090d0   I_LSR_9
000090d4   I_LSR_8
000090d8   I_LSR_7
000090dc   I_LSR_6
000090e0   I_LSR_5
000090e4   I_LSR_4
000090e8   I_LSR_3
000090ec   I_LSR_2
000090f0   I_LSR_1
000090f6   MRFI_RxAddrIsFiltered
0000913c   _auto_init
00009182   mrfiSpiCmdStrobe
000091c8   nwk_isLinkDuplicate
00009254   MRFI_Rssi
00009318   MRFI_ReplyDelay
00009354   nwk_putNumObjectIntoMsg
00009390   nwk_getLocalLinkID
000093ca   nwk_isValidReply
00009404   nwk_processMgmt
0000943e   MRFI_SetRFPwr
00009472   MRFI_SetRxAddrFilter
000094a6   SMPL_Init
000094da   mrfiSpiInit
0000950e   nwk_deviceAddress
00009542   MRFI_SetLogicalChannel
00009574   nwk_QadjustOrder
000095a6   nwk_getConnInfo
000095d8   nwk_linkInit
0000963a   main
0000969a   nwk_rawReceive
000096ca   nwk_sendFrame
00009754   __divi
00009754   __remi
000097aa   nwk_checkConnInfo
000097d4   nwk_processPing
00009822   _c_int00
00009822   _c_int00_noexit
00009848   nwk_connectionControl
0000986e   nwk_globalsInit
00009894   nwk_joinInit
000098ba   nwk_processLink
000098e0   __mpyl
00009906   MRFI_Sleep
0000992a   memcmp
0000994e   MRFI_RxOn
00009970   BSP_Init
00009990   BSP_InitBoard
000099b0   MRFI_EnableRxAddrFilter
000099d0   MRFI_RxCompleteISR
000099f0   MRFI_RxIdle
00009a30   memmove
00009a50   nwk_frameInit
00009a70   nwk_processJoin
00009a90   BSP_Delay
00009aae   nwk_QInit
00009acc   MRFI_GpioIsr
00009ae8   mrfiSpiReadReg
00009b04   nwk_setMyAddress
00009b20   BSP_GpioPort1Isr
00009b3a   MRFI_DelayMs
00009b52   mrfiSpiWriteReg
00009b6a   MRFI_RandomByte
00009b96   __divu
00009b96   __remu
00009bc0   memset
00009bd4   __mpyi
00009be8   toggleLED
00009bfc   BSP_InitLeds
00009c0e   memcpy
00009c20   nwk_getMyAddress
00009c32   nwk_setLinkToken
00009c44   L_ASR
00009c54   func_epilog_7
00009c56   func_epilog_6
00009c58   func_epilog_5
00009c5a   func_epilog_4
00009c5c   func_epilog_3
00009c5e   func_epilog_2
00009c60   func_epilog_1
00009c64   MRFI_Receive
00009c72   mrfiSpiWriteTxFifo
00009c80   nwk_getNumObjectFromMsg
00009c8e   nwk_setAPAddress
00009c9c   nwk_setListenContext
00009caa   MRFI_PostKillSem
00009cc2   mrfiSpiReadRxFifo
00009cce   BSP_InitButtons
00009cd8   BSP_InitDrivers
00009ce2   _system_pre_init
00009cec   nwk_mgmtInit
00009cf6   nwk_pingInit
00009d00   SMPL_Send
00009d08   MRFI_GetRadioState
00009d0e   nwk_freeConnection
00009d14   nwk_getBCastAddress
00009d1a   nwk_getFWVersion
00009d20   nwk_getMyRxType
00009d26   nwk_getProtocolVersion
00009d2c   C$$EXIT
00009d2c   abort
00009d30   nwk_processFreq
00009d34   nwk_processSecurity
00009d38   _nop
00009d3a   nwk_freqInit
00009d3c   nwk_securityInit
00009d3e   __cinit__
00009d3e   __etext__
00009d3e   cinit
00009d3e   etext
00009e4a   mrfiBroadcastAddr
0000fffe   _reset_vector
ffffffff   __binit__
ffffffff   __c_args__
ffffffff   __pinit__
ffffffff   binit
ffffffff   pinit

[256 symbols]
