******************************************************************************
                  MSP430 Linker PC v4.0.0                      
******************************************************************************
>> Linked Mon May 07 18:46:31 2012

OUTPUT FILE NAME:   <Project_simple.out>
ENTRY POINT SYMBOL: "_c_int00"  address: 00008572


MEMORY CONFIGURATION

         name            origin    length      used     unused   attr    fill
----------------------  --------  ---------  --------  --------  ----  --------
  SFR                   00000000   00000010  00000000  00000010  RWIX
  PERIPHERALS_8BIT      00000010   000000f0  00000000  000000f0  RWIX
  PERIPHERALS_16BIT     00000100   00000100  00000000  00000100  RWIX
  RAM                   00000200   00000400  000000ee  00000312  RWIX
  INFOD                 00001000   00000040  00000000  00000040  RWIX
  INFOC                 00001040   00000040  00000000  00000040  RWIX
  INFOB                 00001080   00000040  00000000  00000040  RWIX
  INFOA                 000010c0   00000040  00000000  00000040  RWIX
  FLASH                 00008000   00007fde  00000652  0000798c  RWIX
  INT00                 0000ffe0   00000002  00000000  00000002  RWIX
  INT01                 0000ffe2   00000002  00000000  00000002  RWIX
  INT02                 0000ffe4   00000002  00000000  00000002  RWIX
  INT03                 0000ffe6   00000002  00000002  00000000  RWIX
  INT04                 0000ffe8   00000002  00000000  00000002  RWIX
  INT05                 0000ffea   00000002  00000000  00000002  RWIX
  INT06                 0000ffec   00000002  00000002  00000000  RWIX
  INT07                 0000ffee   00000002  00000000  00000002  RWIX
  INT08                 0000fff0   00000002  00000000  00000002  RWIX
  INT09                 0000fff2   00000002  00000000  00000002  RWIX
  INT10                 0000fff4   00000002  00000000  00000002  RWIX
  INT11                 0000fff6   00000002  00000000  00000002  RWIX
  INT12                 0000fff8   00000002  00000000  00000002  RWIX
  INT13                 0000fffa   00000002  00000000  00000002  RWIX
  INT14                 0000fffc   00000002  00000000  00000002  RWIX
  RESET                 0000fffe   00000002  00000002  00000000  RWIX


SECTION ALLOCATION MAP

 output                                  attributes/
section   page    origin      length       input sections
--------  ----  ----------  ----------   ----------------
.pinit     0    00008000    00000000     UNINITIALIZED

.bss       0    00000200    0000009e     UNINITIALIZED
                  00000200    0000008d     I2C_Driver.obj (.bss)
                  0000028d    00000008     main.obj (.bss)
                  00000295    00000001     --HOLE--
                  00000296    00000004     rts430.lib : _lock.obj (.bss)
                  0000029a    00000004                : boot.obj (.bss)

.stack     0    000005b0    00000050     UNINITIALIZED
                  000005b0    00000002     rts430.lib : boot.obj (.stack)
                  000005b2    0000004e     --HOLE--

.text      0    00008000    0000063e     
                  00008000    000000a4     I2C_Driver.obj (.text:USCIAB0TX_ISR)
                  000080a4    0000009a     RTCC_Driver.obj (.text:WriteRTCCTimeDate)
                  0000813e    00000086     main.obj (.text:init_cc)
                  000081c4    00000080     RTCC_Driver.obj (.text:ReadRTCCTimeDate)
                  00008244    0000006e     I2C_Driver.obj (.text:ReadI2CMultipleByte)
                  000082b2    0000006c     I2C_Driver.obj (.text:READ_I2C)
                  0000831e    0000004c     main.obj (.text:Port_2)
                  0000836a    0000004a     I2C_Driver.obj (.text:WriteI2CMultipleByte)
                  000083b4    00000046     rts430.lib : autoinit.obj (.text:_auto_init)
                  000083fa    0000003c     I2C_Driver.obj (.text:Setup_TX)
                  00008436    0000003c     I2C_Driver.obj (.text:WRITE_I2C)
                  00008472    0000003a     main.obj (.text:SendRTCCTimeDate)
                  000084ac    00000036     I2C_Driver.obj (.text:Setup_RX)
                  000084e2    00000034     RTCC_Driver.obj (.text:InitRTCC)
                  00008516    00000032     main.obj (.text:init_uart)
                  00008548    0000002a     I2C_Driver.obj (.text:InitI2C)
                  00008572    00000026     rts430.lib : boot.obj (.text:_c_int00_noexit)
                  00008598    0000001e     main.obj (.text:init_io)
                  000085b6    00000014     RTCC_Driver.obj (.text:ReadSRAMBlock)
                  000085ca    00000014     RTCC_Driver.obj (.text:WriteSRAMBlock)
                  000085de    00000014     rts430.lib : memset.obj (.text:memset)
                  000085f2    00000012     main.obj (.text:main)
                  00008604    00000012     rts430.lib : memcpy.obj (.text:memcpy)
                  00008616    00000010                : epilog.obj (.text)
                  00008626    0000000e     main.obj (.text:send_byte)
                  00008634    00000004     rts430.lib : pre_init.obj (.text:_system_pre_init)
                  00008638    00000004                : exit.obj (.text:abort)
                  0000863c    00000002                : _lock.obj (.text:_nop)

.cinit     0    0000863e    00000014     
                  0000863e    0000000b     I2C_Driver.obj (.cinit)
                  00008649    00000001     --HOLE-- [fill = 0]
                  0000864a    00000005     main.obj (.cinit)
                  0000864f    00000001     --HOLE-- [fill = 0]
                  00008650    00000002     (.pad.cinit) [fill = 0]

.int03     0    0000ffe6    00000002     
                  0000ffe6    00000002     main.obj (.int03)

.int06     0    0000ffec    00000002     
                  0000ffec    00000002     I2C_Driver.obj (.int06)

.reset     0    0000fffe    00000002     
                  0000fffe    00000002     rts430.lib : boot.obj (.reset)


GLOBAL SYMBOLS: SORTED ALPHABETICALLY BY Name 

address    name
--------   ----
00000200   .bss
00008000   .text
0000004a   ADC10AE0
0000004b   ADC10AE1
000001b0   ADC10CTL0
000001b2   ADC10CTL1
00000048   ADC10DTC0
00000049   ADC10DTC1
000001b4   ADC10MEM
000001bc   ADC10SA
00000057   BCSCTL1
00000058   BCSCTL2
00000053   BCSCTL3
00008638   C$$EXIT
000010fb   CALBC1_12MHZ
000010f9   CALBC1_16MHZ
000010ff   CALBC1_1MHZ
000010fd   CALBC1_8MHZ
000010fa   CALDCO_12MHZ
000010f8   CALDCO_16MHZ
000010fe   CALDCO_1MHZ
000010fc   CALDCO_8MHZ
00000056   DCOCTL
00000128   FCTL1
0000012a   FCTL2
0000012c   FCTL3
00000000   IE1
00000001   IE2
00000002   IFG1
00000003   IFG2
00008548   InitI2C
000084e2   InitRTCC
00000294   LED
000000c0   OA0CTL0
000000c1   OA0CTL1
000000c2   OA1CTL0
000000c3   OA1CTL1
00000022   P1DIR
00000025   P1IE
00000024   P1IES
00000023   P1IFG
00000020   P1IN
00000021   P1OUT
00000027   P1REN
00000026   P1SEL
0000002a   P2DIR
0000002d   P2IE
0000002c   P2IES
0000002b   P2IFG
00000028   P2IN
00000029   P2OUT
0000002f   P2REN
0000002e   P2SEL
0000001a   P3DIR
00000018   P3IN
00000019   P3OUT
00000010   P3REN
0000001b   P3SEL
0000001e   P4DIR
0000001c   P4IN
0000001d   P4OUT
00000011   P4REN
0000001f   P4SEL
00000206   PRxData
00000208   PTxData
0000831e   Port_2
000082b2   READ_I2C
00000202   RPT_Flag
0000028c   RX
00000200   RXByteCtr
00008244   ReadI2CMultipleByte
000081c4   ReadRTCCTimeDate
000085b6   ReadSRAMBlock
0000028d   Rtcctimedate
0000028a   RxBuffer
00008472   SendRTCCTimeDate
000084ac   Setup_RX
000083fa   Setup_TX
00000172   TACCR0
00000174   TACCR1
00000176   TACCR2
00000162   TACCTL0
00000164   TACCTL1
00000166   TACCTL2
00000160   TACTL
0000012e   TAIV
00000170   TAR
00000192   TBCCR0
00000194   TBCCR1
00000196   TBCCR2
00000182   TBCCTL0
00000184   TBCCTL1
00000186   TBCCTL2
00000180   TBCTL
0000011e   TBIV
00000190   TBR
0000028b   TXByteCtr
00000204   TXData
0000020a   TxBuffer
0000005d   UCA0ABCTL
00000062   UCA0BR0
00000063   UCA0BR1
00000060   UCA0CTL0
00000061   UCA0CTL1
0000005f   UCA0IRRCTL
0000005e   UCA0IRTCTL
00000064   UCA0MCTL
00000066   UCA0RXBUF
00000065   UCA0STAT
00000067   UCA0TXBUF
0000006a   UCB0BR0
0000006b   UCB0BR1
00000068   UCB0CTL0
00000069   UCB0CTL1
0000006c   UCB0I2CIE
00000118   UCB0I2COA
0000011a   UCB0I2CSA
0000006e   UCB0RXBUF
0000006d   UCB0STAT
0000006f   UCB0TXBUF
00008000   USCIAB0TX_ISR
00000120   WDTCTL
00008436   WRITE_I2C
0000836a   WriteI2CMultipleByte
000080a4   WriteRTCCTimeDate
000085ca   WriteSRAMBlock
00000600   __STACK_END
00000050   __STACK_SIZE
00000001   __TI_args_main
00000001   __TI_auto_init
00000001   __TI_exit
ffffffff   __binit__
00000200   __bss__
ffffffff   __c_args__
0000863e   __cinit__
0000029e   __end__
0000863e   __etext__
ffffffff   __pinit__
00008000   __text__
000083b4   _auto_init
00008572   _c_int00
00008572   _c_int00_noexit
0000029a   _cleanup_ptr
0000029c   _dtors_ptr
00000296   _lock
0000863c   _nop
0000fffe   _reset_vector
000005b0   _stack
00008634   _system_pre_init
00000298   _unlock
00008638   abort
ffffffff   binit
0000863e   cinit
0000029e   end
0000863e   etext
00008622   func_epilog_1
00008620   func_epilog_2
0000861e   func_epilog_3
0000861c   func_epilog_4
0000861a   func_epilog_5
00008618   func_epilog_6
00008616   func_epilog_7
0000813e   init_cc
00008598   init_io
00008516   init_uart
000085f2   main
00008604   memcpy
000085de   memset
ffffffff   pinit
00008626   send_byte


GLOBAL SYMBOLS: SORTED BY Symbol Address 

address    name
--------   ----
00000000   IE1
00000001   IE2
00000001   __TI_args_main
00000001   __TI_auto_init
00000001   __TI_exit
00000002   IFG1
00000003   IFG2
00000010   P3REN
00000011   P4REN
00000018   P3IN
00000019   P3OUT
0000001a   P3DIR
0000001b   P3SEL
0000001c   P4IN
0000001d   P4OUT
0000001e   P4DIR
0000001f   P4SEL
00000020   P1IN
00000021   P1OUT
00000022   P1DIR
00000023   P1IFG
00000024   P1IES
00000025   P1IE
00000026   P1SEL
00000027   P1REN
00000028   P2IN
00000029   P2OUT
0000002a   P2DIR
0000002b   P2IFG
0000002c   P2IES
0000002d   P2IE
0000002e   P2SEL
0000002f   P2REN
00000048   ADC10DTC0
00000049   ADC10DTC1
0000004a   ADC10AE0
0000004b   ADC10AE1
00000050   __STACK_SIZE
00000053   BCSCTL3
00000056   DCOCTL
00000057   BCSCTL1
00000058   BCSCTL2
0000005d   UCA0ABCTL
0000005e   UCA0IRTCTL
0000005f   UCA0IRRCTL
00000060   UCA0CTL0
00000061   UCA0CTL1
00000062   UCA0BR0
00000063   UCA0BR1
00000064   UCA0MCTL
00000065   UCA0STAT
00000066   UCA0RXBUF
00000067   UCA0TXBUF
00000068   UCB0CTL0
00000069   UCB0CTL1
0000006a   UCB0BR0
0000006b   UCB0BR1
0000006c   UCB0I2CIE
0000006d   UCB0STAT
0000006e   UCB0RXBUF
0000006f   UCB0TXBUF
000000c0   OA0CTL0
000000c1   OA0CTL1
000000c2   OA1CTL0
000000c3   OA1CTL1
00000118   UCB0I2COA
0000011a   UCB0I2CSA
0000011e   TBIV
00000120   WDTCTL
00000128   FCTL1
0000012a   FCTL2
0000012c   FCTL3
0000012e   TAIV
00000160   TACTL
00000162   TACCTL0
00000164   TACCTL1
00000166   TACCTL2
00000170   TAR
00000172   TACCR0
00000174   TACCR1
00000176   TACCR2
00000180   TBCTL
00000182   TBCCTL0
00000184   TBCCTL1
00000186   TBCCTL2
00000190   TBR
00000192   TBCCR0
00000194   TBCCR1
00000196   TBCCR2
000001b0   ADC10CTL0
000001b2   ADC10CTL1
000001b4   ADC10MEM
000001bc   ADC10SA
00000200   .bss
00000200   RXByteCtr
00000200   __bss__
00000202   RPT_Flag
00000204   TXData
00000206   PRxData
00000208   PTxData
0000020a   TxBuffer
0000028a   RxBuffer
0000028b   TXByteCtr
0000028c   RX
0000028d   Rtcctimedate
00000294   LED
00000296   _lock
00000298   _unlock
0000029a   _cleanup_ptr
0000029c   _dtors_ptr
0000029e   __end__
0000029e   end
000005b0   _stack
00000600   __STACK_END
000010f8   CALDCO_16MHZ
000010f9   CALBC1_16MHZ
000010fa   CALDCO_12MHZ
000010fb   CALBC1_12MHZ
000010fc   CALDCO_8MHZ
000010fd   CALBC1_8MHZ
000010fe   CALDCO_1MHZ
000010ff   CALBC1_1MHZ
00008000   .text
00008000   USCIAB0TX_ISR
00008000   __text__
000080a4   WriteRTCCTimeDate
0000813e   init_cc
000081c4   ReadRTCCTimeDate
00008244   ReadI2CMultipleByte
000082b2   READ_I2C
0000831e   Port_2
0000836a   WriteI2CMultipleByte
000083b4   _auto_init
000083fa   Setup_TX
00008436   WRITE_I2C
00008472   SendRTCCTimeDate
000084ac   Setup_RX
000084e2   InitRTCC
00008516   init_uart
00008548   InitI2C
00008572   _c_int00
00008572   _c_int00_noexit
00008598   init_io
000085b6   ReadSRAMBlock
000085ca   WriteSRAMBlock
000085de   memset
000085f2   main
00008604   memcpy
00008616   func_epilog_7
00008618   func_epilog_6
0000861a   func_epilog_5
0000861c   func_epilog_4
0000861e   func_epilog_3
00008620   func_epilog_2
00008622   func_epilog_1
00008626   send_byte
00008634   _system_pre_init
00008638   C$$EXIT
00008638   abort
0000863c   _nop
0000863e   __cinit__
0000863e   __etext__
0000863e   cinit
0000863e   etext
0000fffe   _reset_vector
ffffffff   __binit__
ffffffff   __c_args__
ffffffff   __pinit__
ffffffff   binit
ffffffff   pinit

[170 symbols]
