******************************************************************************
                  MSP430 Linker PC v4.0.0                      
******************************************************************************
>> Linked Tue May 01 20:23:27 2012

OUTPUT FILE NAME:   <I2C_test.out>
ENTRY POINT SYMBOL: "_c_int00"  address: 00008240


MEMORY CONFIGURATION

         name            origin    length      used     unused   attr    fill
----------------------  --------  ---------  --------  --------  ----  --------
  SFR                   00000000   00000010  00000000  00000010  RWIX
  PERIPHERALS_8BIT      00000010   000000f0  00000000  000000f0  RWIX
  PERIPHERALS_16BIT     00000100   00000100  00000000  00000100  RWIX
  RAM                   00000200   00000400  00000070  00000390  RWIX
  INFOD                 00001000   00000040  00000000  00000040  RWIX
  INFOC                 00001040   00000040  00000000  00000040  RWIX
  INFOB                 00001080   00000040  00000000  00000040  RWIX
  INFOA                 000010c0   00000040  00000000  00000040  RWIX
  FLASH                 00008000   00007fde  000002ca  00007d14  RWIX
  INT00                 0000ffe0   00000002  00000000  00000002  RWIX
  INT01                 0000ffe2   00000002  00000000  00000002  RWIX
  INT02                 0000ffe4   00000002  00000000  00000002  RWIX
  INT03                 0000ffe6   00000002  00000000  00000002  RWIX
  INT04                 0000ffe8   00000002  00000000  00000002  RWIX
  INT05                 0000ffea   00000002  00000000  00000002  RWIX
  INT06                 0000ffec   00000002  00000002  00000000  RWIX
  INT07                 0000ffee   00000002  00000000  00000002  RWIX
  INT08                 0000fff0   00000002  00000000  00000002  RWIX
  INT09                 0000fff2   00000002  00000000  00000002  RWIX
  INT10                 0000fff4   00000002  00000000  00000002  RWIX
  INT11                 0000fff6   00000002  00000000  00000002  RWIX
  INT12                 0000fff8   00000002  00000000  00000002  RWIX
  INT13                 0000fffa   00000002  00000000  00000002  RWIX
  INT14                 0000fffc   00000002  00000000  00000002  RWIX
  RESET                 0000fffe   00000002  00000002  00000000  RWIX


SECTION ALLOCATION MAP

 output                                  attributes/
section   page    origin      length       input sections
--------  ----  ----------  ----------   ----------------
.pinit     0    00008000    00000000     UNINITIALIZED

.bss       0    00000200    00000020     UNINITIALIZED
                  00000200    0000000c     main.obj (.bss)
                  0000020c    0000000b     I2C_Driver.obj (.bss)
                  00000217    00000001     --HOLE--
                  00000218    00000004     rts430.lib : _lock.obj (.bss)
                  0000021c    00000004                : boot.obj (.bss)

.stack     0    000005b0    00000050     UNINITIALIZED
                  000005b0    00000002     rts430.lib : boot.obj (.stack)
                  000005b2    0000004e     --HOLE--

.text      0    00008000    000002b6     
                  00008000    0000008a     I2C_Driver.obj (.text:USCIAB0TX_ISR)
                  0000808a    0000006a     I2C_Driver.obj (.text:ReadI2CMultipleByte)
                  000080f4    00000068     I2C_Driver.obj (.text:READ_I2C)
                  0000815c    00000046     rts430.lib : autoinit.obj (.text:_auto_init)
                  000081a2    0000003c     I2C_Driver.obj (.text:Setup_TX)
                  000081de    00000036     I2C_Driver.obj (.text:Setup_RX)
                  00008214    0000002c     main.obj (.text:main)
                  00008240    00000026     rts430.lib : boot.obj (.text:_c_int00_noexit)
                  00008266    00000024     I2C_Driver.obj (.text:InitI2C)
                  0000828a    00000012     rts430.lib : memcpy.obj (.text:memcpy)
                  0000829c    00000010                : epilog.obj (.text)
                  000082ac    00000004                : pre_init.obj (.text:_system_pre_init)
                  000082b0    00000004                : exit.obj (.text:abort)
                  000082b4    00000002                : _lock.obj (.text:_nop)

.cinit     0    000082b6    00000014     
                  000082b6    0000000b     I2C_Driver.obj (.cinit)
                  000082c1    00000001     --HOLE-- [fill = 0]
                  000082c2    00000005     main.obj (.cinit)
                  000082c7    00000001     --HOLE-- [fill = 0]
                  000082c8    00000002     (.pad.cinit) [fill = 0]

.int06     0    0000ffec    00000002     
                  0000ffec    00000002     I2C_Driver.obj (.int06)

.reset     0    0000fffe    00000002     
                  0000fffe    00000002     rts430.lib : boot.obj (.reset)


GLOBAL SYMBOLS: SORTED ALPHABETICALLY BY Name 

address    name
--------   ----
00000200   .bss
00008000   .text
0000004a   ADC10AE0
0000004b   ADC10AE1
000001b0   ADC10CTL0
000001b2   ADC10CTL1
00000048   ADC10DTC0
00000049   ADC10DTC1
000001b4   ADC10MEM
000001bc   ADC10SA
00000057   BCSCTL1
00000058   BCSCTL2
00000053   BCSCTL3
000082b0   C$$EXIT
000010fb   CALBC1_12MHZ
000010f9   CALBC1_16MHZ
000010ff   CALBC1_1MHZ
000010fd   CALBC1_8MHZ
000010fa   CALDCO_12MHZ
000010f8   CALDCO_16MHZ
000010fe   CALDCO_1MHZ
000010fc   CALDCO_8MHZ
00000056   DCOCTL
00000128   FCTL1
0000012a   FCTL2
0000012c   FCTL3
00000000   IE1
00000001   IE2
00000002   IFG1
00000003   IFG2
00008266   InitI2C
000000c0   OA0CTL0
000000c1   OA0CTL1
000000c2   OA1CTL0
000000c3   OA1CTL1
00000022   P1DIR
00000025   P1IE
00000024   P1IES
00000023   P1IFG
00000020   P1IN
00000021   P1OUT
00000027   P1REN
00000026   P1SEL
0000002a   P2DIR
0000002d   P2IE
0000002c   P2IES
0000002b   P2IFG
00000028   P2IN
00000029   P2OUT
0000002f   P2REN
0000002e   P2SEL
0000001a   P3DIR
00000018   P3IN
00000019   P3OUT
00000010   P3REN
0000001b   P3SEL
0000001e   P4DIR
0000001c   P4IN
0000001d   P4OUT
00000011   P4REN
0000001f   P4SEL
00000212   PRxData
000080f4   READ_I2C
0000020e   RPT_Flag
00000216   RX
0000020c   RXByteCtr
0000808a   ReadI2CMultipleByte
00000214   RxBuffer
000081de   Setup_RX
000081a2   Setup_TX
00000172   TACCR0
00000174   TACCR1
00000176   TACCR2
00000162   TACCTL0
00000164   TACCTL1
00000166   TACCTL2
00000160   TACTL
0000012e   TAIV
00000170   TAR
00000192   TBCCR0
00000194   TBCCR1
00000196   TBCCR2
00000182   TBCCTL0
00000184   TBCCTL1
00000186   TBCCTL2
00000180   TBCTL
0000011e   TBIV
00000190   TBR
00000215   TXByteCtr
00000210   TXData
0000005d   UCA0ABCTL
00000062   UCA0BR0
00000063   UCA0BR1
00000060   UCA0CTL0
00000061   UCA0CTL1
0000005f   UCA0IRRCTL
0000005e   UCA0IRTCTL
00000064   UCA0MCTL
00000066   UCA0RXBUF
00000065   UCA0STAT
00000067   UCA0TXBUF
0000006a   UCB0BR0
0000006b   UCB0BR1
00000068   UCB0CTL0
00000069   UCB0CTL1
0000006c   UCB0I2CIE
00000118   UCB0I2COA
0000011a   UCB0I2CSA
0000006e   UCB0RXBUF
0000006d   UCB0STAT
0000006f   UCB0TXBUF
00008000   USCIAB0TX_ISR
00000120   WDTCTL
00000600   __STACK_END
00000050   __STACK_SIZE
00000001   __TI_args_main
00000001   __TI_auto_init
00000001   __TI_exit
ffffffff   __binit__
00000200   __bss__
ffffffff   __c_args__
000082b6   __cinit__
00000220   __end__
000082b6   __etext__
ffffffff   __pinit__
00008000   __text__
0000815c   _auto_init
00008240   _c_int00
00008240   _c_int00_noexit
0000021c   _cleanup_ptr
0000021e   _dtors_ptr
00000218   _lock
000082b4   _nop
0000fffe   _reset_vector
000005b0   _stack
000082ac   _system_pre_init
0000021a   _unlock
000082b0   abort
ffffffff   binit
000082b6   cinit
00000200   d
00000202   data
00000220   end
000082b6   etext
000082a8   func_epilog_1
000082a6   func_epilog_2
000082a4   func_epilog_3
000082a2   func_epilog_4
000082a0   func_epilog_5
0000829e   func_epilog_6
0000829c   func_epilog_7
00008214   main
0000828a   memcpy
ffffffff   pinit


GLOBAL SYMBOLS: SORTED BY Symbol Address 

address    name
--------   ----
00000000   IE1
00000001   IE2
00000001   __TI_args_main
00000001   __TI_auto_init
00000001   __TI_exit
00000002   IFG1
00000003   IFG2
00000010   P3REN
00000011   P4REN
00000018   P3IN
00000019   P3OUT
0000001a   P3DIR
0000001b   P3SEL
0000001c   P4IN
0000001d   P4OUT
0000001e   P4DIR
0000001f   P4SEL
00000020   P1IN
00000021   P1OUT
00000022   P1DIR
00000023   P1IFG
00000024   P1IES
00000025   P1IE
00000026   P1SEL
00000027   P1REN
00000028   P2IN
00000029   P2OUT
0000002a   P2DIR
0000002b   P2IFG
0000002c   P2IES
0000002d   P2IE
0000002e   P2SEL
0000002f   P2REN
00000048   ADC10DTC0
00000049   ADC10DTC1
0000004a   ADC10AE0
0000004b   ADC10AE1
00000050   __STACK_SIZE
00000053   BCSCTL3
00000056   DCOCTL
00000057   BCSCTL1
00000058   BCSCTL2
0000005d   UCA0ABCTL
0000005e   UCA0IRTCTL
0000005f   UCA0IRRCTL
00000060   UCA0CTL0
00000061   UCA0CTL1
00000062   UCA0BR0
00000063   UCA0BR1
00000064   UCA0MCTL
00000065   UCA0STAT
00000066   UCA0RXBUF
00000067   UCA0TXBUF
00000068   UCB0CTL0
00000069   UCB0CTL1
0000006a   UCB0BR0
0000006b   UCB0BR1
0000006c   UCB0I2CIE
0000006d   UCB0STAT
0000006e   UCB0RXBUF
0000006f   UCB0TXBUF
000000c0   OA0CTL0
000000c1   OA0CTL1
000000c2   OA1CTL0
000000c3   OA1CTL1
00000118   UCB0I2COA
0000011a   UCB0I2CSA
0000011e   TBIV
00000120   WDTCTL
00000128   FCTL1
0000012a   FCTL2
0000012c   FCTL3
0000012e   TAIV
00000160   TACTL
00000162   TACCTL0
00000164   TACCTL1
00000166   TACCTL2
00000170   TAR
00000172   TACCR0
00000174   TACCR1
00000176   TACCR2
00000180   TBCTL
00000182   TBCCTL0
00000184   TBCCTL1
00000186   TBCCTL2
00000190   TBR
00000192   TBCCR0
00000194   TBCCR1
00000196   TBCCR2
000001b0   ADC10CTL0
000001b2   ADC10CTL1
000001b4   ADC10MEM
000001bc   ADC10SA
00000200   .bss
00000200   __bss__
00000200   d
00000202   data
0000020c   RXByteCtr
0000020e   RPT_Flag
00000210   TXData
00000212   PRxData
00000214   RxBuffer
00000215   TXByteCtr
00000216   RX
00000218   _lock
0000021a   _unlock
0000021c   _cleanup_ptr
0000021e   _dtors_ptr
00000220   __end__
00000220   end
000005b0   _stack
00000600   __STACK_END
000010f8   CALDCO_16MHZ
000010f9   CALBC1_16MHZ
000010fa   CALDCO_12MHZ
000010fb   CALBC1_12MHZ
000010fc   CALDCO_8MHZ
000010fd   CALBC1_8MHZ
000010fe   CALDCO_1MHZ
000010ff   CALBC1_1MHZ
00008000   .text
00008000   USCIAB0TX_ISR
00008000   __text__
0000808a   ReadI2CMultipleByte
000080f4   READ_I2C
0000815c   _auto_init
000081a2   Setup_TX
000081de   Setup_RX
00008214   main
00008240   _c_int00
00008240   _c_int00_noexit
00008266   InitI2C
0000828a   memcpy
0000829c   func_epilog_7
0000829e   func_epilog_6
000082a0   func_epilog_5
000082a2   func_epilog_4
000082a4   func_epilog_3
000082a6   func_epilog_2
000082a8   func_epilog_1
000082ac   _system_pre_init
000082b0   C$$EXIT
000082b0   abort
000082b4   _nop
000082b6   __cinit__
000082b6   __etext__
000082b6   cinit
000082b6   etext
0000fffe   _reset_vector
ffffffff   __binit__
ffffffff   __c_args__
ffffffff   __pinit__
ffffffff   binit
ffffffff   pinit

[154 symbols]
